#
# There is insufficient memory for the Java Runtime Environment to continue.
# Native memory allocation (malloc) failed to allocate 1087536 bytes for Chunk::new
# Possible reasons:
#   The system is out of physical RAM or swap space
#   The process is running with CompressedOops enabled, and the Java Heap may be blocking the growth of the native heap
# Possible solutions:
#   Reduce memory load on the system
#   Increase physical memory or swap space
#   Check if swap backing store is full
#   Decrease Java heap size (-Xmx/-Xms)
#   Decrease number of Java threads
#   Decrease Java thread stack sizes (-Xss)
#   Set larger code cache with -XX:ReservedCodeCacheSize=
#   JVM is running with Zero Based Compressed Oops mode in which the Java heap is
#     placed in the first 32GB address space. The Java Heap base address is the
#     maximum limit for the native heap growth. Please use -XX:HeapBaseMinAddress
#     to set the Java Heap base and to place the Java Heap above 32GB virtual address.
# This output file may be truncated or incomplete.
#
#  Out of Memory Error (allocation.cpp:389), pid=484, tid=0x00000000000037fc
#
# JRE version: Java(TM) SE Runtime Environment (8.0_202-b08) (build 1.8.0_202-b08)
# Java VM: Java HotSpot(TM) 64-Bit Server VM (25.202-b08 mixed mode windows-amd64 compressed oops)
# Failed to write core dump. Minidumps are not enabled by default on client versions of Windows
#

---------------  T H R E A D  ---------------

Current thread (0x000000001dc55000):  JavaThread "C2 CompilerThread2" daemon [_thread_in_native, id=14332, stack(0x000000001f4a0000,0x000000001f5a0000)]

Stack: [0x000000001f4a0000,0x000000001f5a0000]
[error occurred during error reporting (printing stack bounds), id 0xc0000005]

Native frames: (J=compiled Java code, j=interpreted, Vv=VM code, C=native code)


Current CompileTask:
C2:  14273 4973 % !   4       org.springframework.beans.factory.support.DefaultListableBeanFactory::doGetBeanNamesForType @ 20 (511 bytes)


---------------  P R O C E S S  ---------------

Java Threads: ( => current thread )
  0x0000000023744800 JavaThread "container-0" [_thread_blocked, id=2840, stack(0x00000000246c0000,0x00000000247c0000)]
  0x0000000023747800 JavaThread "Catalina-utility-2" [_thread_blocked, id=11364, stack(0x0000000022be0000,0x0000000022ce0000)]
  0x0000000023746800 JavaThread "Catalina-utility-1" [_thread_blocked, id=8240, stack(0x00000000228e0000,0x00000000229e0000)]
  0x000000001dcef000 JavaThread "Service Thread" daemon [_thread_blocked, id=5512, stack(0x000000001f6a0000,0x000000001f7a0000)]
  0x000000001dc55800 JavaThread "C1 CompilerThread3" daemon [_thread_blocked, id=3612, stack(0x000000001f5a0000,0x000000001f6a0000)]
=>0x000000001dc55000 JavaThread "C2 CompilerThread2" daemon [_thread_in_native, id=14332, stack(0x000000001f4a0000,0x000000001f5a0000)]
  0x000000001dc50000 JavaThread "C2 CompilerThread1" daemon [_thread_in_native, id=15484, stack(0x000000001f3a0000,0x000000001f4a0000)]
  0x000000001dc4c800 JavaThread "C2 CompilerThread0" daemon [_thread_in_native, id=15460, stack(0x000000001f2a0000,0x000000001f3a0000)]
  0x000000001dc4b000 JavaThread "Attach Listener" daemon [_thread_blocked, id=10672, stack(0x000000001f1a0000,0x000000001f2a0000)]
  0x000000001dc48000 JavaThread "Signal Dispatcher" daemon [_thread_blocked, id=6324, stack(0x000000001f0a0000,0x000000001f1a0000)]
  0x000000001c577000 JavaThread "Finalizer" daemon [_thread_blocked, id=3644, stack(0x000000001ee90000,0x000000001ef90000)]
  0x000000001dc33000 JavaThread "Reference Handler" daemon [_thread_blocked, id=2768, stack(0x000000001ed90000,0x000000001ee90000)]
  0x00000000028f9000 JavaThread "main" [_thread_in_native, id=13816, stack(0x00000000027f0000,0x00000000028f0000)]

Other Threads:
  0x000000001dc12800 VMThread [stack: 0x000000001ec90000,0x000000001ed90000] [id=7920]
  0x000000001dd51800 WatcherThread [stack: 0x000000001f7a0000,0x000000001f8a0000] [id=3556]

VM state:not at safepoint (normal execution)

VM Mutex/Monitor currently owned by a thread: None

heap address: 0x00000006c3600000, size: 4042 MB, Compressed Oops mode: Zero based, Oop shift amount: 3
Narrow klass base: 0x0000000000000000, Narrow klass shift: 3
Compressed class space size: 1073741824 Address: 0x00000007c0000000

Heap:
 PSYoungGen      total 164352K, used 116043K [0x000000076bd00000, 0x000000077da00000, 0x00000007c0000000)
  eden space 153088K, 68% used [0x000000076bd00000,0x000000077235a0d8,0x0000000775280000)
  from space 11264K, 99% used [0x0000000776a80000,0x0000000777578d78,0x0000000777580000)
  to   space 24576K, 0% used [0x0000000775280000,0x0000000775280000,0x0000000776a80000)
 ParOldGen       total 146432K, used 42058K [0x00000006c3600000, 0x00000006cc500000, 0x000000076bd00000)
  object space 146432K, 28% used [0x00000006c3600000,0x00000006c5f129c8,0x00000006cc500000)
 Metaspace       used 42726K, capacity 45274K, committed 45608K, reserved 1089536K
  class space    used 5654K, capacity 6110K, committed 6192K, reserved 1048576K

Card table byte_map: [0x0000000011db0000,0x00000000125a0000] byte_map_base: 0x000000000e795000

Marking Bits: (ParMarkBitMap*) 0x0000000075e35ce0
 Begin Bits: [0x00000000134f0000, 0x0000000017418000)
 End Bits:   [0x0000000017418000, 0x000000001b340000)

Polling page: 0x0000000000850000

CodeCache: size=245760Kb used=16710Kb max_used=16758Kb free=229049Kb
 bounds [0x00000000029f0000, 0x0000000003a90000, 0x00000000119f0000]
 total_blobs=4811 nmethods=4371 adapters=352
 compilation: enabled

Compilation events (10 events):
Event: 13.219 Thread 0x000000001dc55800 5055       2       org.springframework.aop.framework.autoproxy.AbstractAutoProxyCreator::getCustomTargetSource (134 bytes)
Event: 13.220 Thread 0x000000001dc55800 nmethod 5055 0x00000000035abd90 code [0x00000000035abfa0, 0x00000000035ac5a8]
Event: 13.222 Thread 0x000000001dc55800 5056       2       org.springframework.boot.context.properties.bind.DataObjectPropertyName::toDashedForm (147 bytes)
Event: 13.223 Thread 0x000000001dc55800 nmethod 5056 0x00000000035a9d50 code [0x00000000035a9fe0, 0x00000000035aae48]
Event: 13.224 Thread 0x000000001dc55800 5057       2       org.springframework.aop.framework.autoproxy.AbstractAutoProxyCreator::postProcessProperties (2 bytes)
Event: 13.224 Thread 0x000000001dc55800 nmethod 5057 0x00000000035a9a10 code [0x00000000035a9b60, 0x00000000035a9cb0]
Event: 13.247 Thread 0x000000001dc50000 nmethod 4895 0x0000000003a6bd90 code [0x0000000003a6c500, 0x0000000003a75db8]
Event: 13.247 Thread 0x000000001dc50000 5013       4       java.util.concurrent.ConcurrentHashMap::get (162 bytes)
Event: 13.251 Thread 0x000000001dc50000 nmethod 5013 0x00000000035a6350 code [0x00000000035a64c0, 0x00000000035a67e8]
Event: 13.251 Thread 0x000000001dc50000 5021   !   4       org.springframework.beans.factory.support.DefaultSingletonBeanRegistry::getSingleton (147 bytes)

GC Heap History (10 events):
Event: 3.288 GC heap before
{Heap before GC invocations=6 (full 1):
 PSYoungGen      total 113152K, used 112744K [0x000000076bd00000, 0x0000000774e80000, 0x00000007c0000000)
  eden space 104960K, 100% used [0x000000076bd00000,0x0000000772380000,0x0000000772380000)
  from space 8192K, 95% used [0x0000000774680000,0x0000000774e1a188,0x0000000774e80000)
  to   space 10752K, 0% used [0x0000000773980000,0x0000000773980000,0x0000000774400000)
 ParOldGen       total 95232K, used 7575K [0x00000006c3600000, 0x00000006c9300000, 0x000000076bd00000)
  object space 95232K, 7% used [0x00000006c3600000,0x00000006c3d65ed0,0x00000006c9300000)
 Metaspace       used 29269K, capacity 30508K, committed 30768K, reserved 1075200K
  class space    used 3856K, capacity 4133K, committed 4144K, reserved 1048576K
Event: 3.299 GC heap after
Heap after GC invocations=6 (full 1):
 PSYoungGen      total 138240K, used 10737K [0x000000076bd00000, 0x0000000777580000, 0x00000007c0000000)
  eden space 127488K, 0% used [0x000000076bd00000,0x000000076bd00000,0x0000000773980000)
  from space 10752K, 99% used [0x0000000773980000,0x00000007743fc460,0x0000000774400000)
  to   space 11264K, 0% used [0x0000000776a80000,0x0000000776a80000,0x0000000777580000)
 ParOldGen       total 95232K, used 8431K [0x00000006c3600000, 0x00000006c9300000, 0x000000076bd00000)
  object space 95232K, 8% used [0x00000006c3600000,0x00000006c3e3bd70,0x00000006c9300000)
 Metaspace       used 29269K, capacity 30508K, committed 30768K, reserved 1075200K
  class space    used 3856K, capacity 4133K, committed 4144K, reserved 1048576K
}
Event: 4.511 GC heap before
{Heap before GC invocations=7 (full 1):
 PSYoungGen      total 138240K, used 70055K [0x000000076bd00000, 0x0000000777580000, 0x00000007c0000000)
  eden space 127488K, 46% used [0x000000076bd00000,0x000000076f6edb58,0x0000000773980000)
  from space 10752K, 99% used [0x0000000773980000,0x00000007743fc460,0x0000000774400000)
  to   space 11264K, 0% used [0x0000000776a80000,0x0000000776a80000,0x0000000777580000)
 ParOldGen       total 95232K, used 8431K [0x00000006c3600000, 0x00000006c9300000, 0x000000076bd00000)
  object space 95232K, 8% used [0x00000006c3600000,0x00000006c3e3bd70,0x00000006c9300000)
 Metaspace       used 33709K, capacity 35390K, committed 35496K, reserved 1079296K
  class space    used 4416K, capacity 4730K, committed 4784K, reserved 1048576K
Event: 4.521 GC heap after
Heap after GC invocations=7 (full 1):
 PSYoungGen      total 176640K, used 11247K [0x000000076bd00000, 0x0000000779600000, 0x00000007c0000000)
  eden space 165376K, 0% used [0x000000076bd00000,0x000000076bd00000,0x0000000775e80000)
  from space 11264K, 99% used [0x0000000776a80000,0x000000077757bcb0,0x0000000777580000)
  to   space 12288K, 0% used [0x0000000775e80000,0x0000000775e80000,0x0000000776a80000)
 ParOldGen       total 95232K, used 8581K [0x00000006c3600000, 0x00000006c9300000, 0x000000076bd00000)
  object space 95232K, 9% used [0x00000006c3600000,0x00000006c3e61510,0x00000006c9300000)
 Metaspace       used 33709K, capacity 35390K, committed 35496K, reserved 1079296K
  class space    used 4416K, capacity 4730K, committed 4784K, reserved 1048576K
}
Event: 4.521 GC heap before
{Heap before GC invocations=8 (full 2):
 PSYoungGen      total 176640K, used 11247K [0x000000076bd00000, 0x0000000779600000, 0x00000007c0000000)
  eden space 165376K, 0% used [0x000000076bd00000,0x000000076bd00000,0x0000000775e80000)
  from space 11264K, 99% used [0x0000000776a80000,0x000000077757bcb0,0x0000000777580000)
  to   space 12288K, 0% used [0x0000000775e80000,0x0000000775e80000,0x0000000776a80000)
 ParOldGen       total 95232K, used 8581K [0x00000006c3600000, 0x00000006c9300000, 0x000000076bd00000)
  object space 95232K, 9% used [0x00000006c3600000,0x00000006c3e61510,0x00000006c9300000)
 Metaspace       used 33709K, capacity 35390K, committed 35496K, reserved 1079296K
  class space    used 4416K, capacity 4730K, committed 4784K, reserved 1048576K
Event: 4.568 GC heap after
Heap after GC invocations=8 (full 2):
 PSYoungGen      total 176640K, used 0K [0x000000076bd00000, 0x0000000779600000, 0x00000007c0000000)
  eden space 165376K, 0% used [0x000000076bd00000,0x000000076bd00000,0x0000000775e80000)
  from space 11264K, 0% used [0x0000000776a80000,0x0000000776a80000,0x0000000777580000)
  to   space 12288K, 0% used [0x0000000775e80000,0x0000000775e80000,0x0000000776a80000)
 ParOldGen       total 146432K, used 16156K [0x00000006c3600000, 0x00000006cc500000, 0x000000076bd00000)
  object space 146432K, 11% used [0x00000006c3600000,0x00000006c45c72d0,0x00000006cc500000)
 Metaspace       used 33709K, capacity 35390K, committed 35496K, reserved 1079296K
  class space    used 4416K, capacity 4730K, committed 4784K, reserved 1048576K
}
Event: 7.366 GC heap before
{Heap before GC invocations=9 (full 2):
 PSYoungGen      total 176640K, used 165376K [0x000000076bd00000, 0x0000000779600000, 0x00000007c0000000)
  eden space 165376K, 100% used [0x000000076bd00000,0x0000000775e80000,0x0000000775e80000)
  from space 11264K, 0% used [0x0000000776a80000,0x0000000776a80000,0x0000000777580000)
  to   space 12288K, 0% used [0x0000000775e80000,0x0000000775e80000,0x0000000776a80000)
 ParOldGen       total 146432K, used 16156K [0x00000006c3600000, 0x00000006cc500000, 0x000000076bd00000)
  object space 146432K, 11% used [0x00000006c3600000,0x00000006c45c72d0,0x00000006cc500000)
 Metaspace       used 41325K, capacity 43766K, committed 43944K, reserved 1087488K
  class space    used 5517K, capacity 5962K, committed 6064K, reserved 1048576K
Event: 9.393 GC heap after
Heap after GC invocations=9 (full 2):
 PSYoungGen      total 177664K, used 12275K [0x000000076bd00000, 0x0000000779600000, 0x00000007c0000000)
  eden space 165376K, 0% used [0x000000076bd00000,0x000000076bd00000,0x0000000775e80000)
  from space 12288K, 99% used [0x0000000775e80000,0x0000000776a7cce8,0x0000000776a80000)
  to   space 11264K, 0% used [0x0000000776a80000,0x0000000776a80000,0x0000000777580000)
 ParOldGen       total 146432K, used 23258K [0x00000006c3600000, 0x00000006cc500000, 0x000000076bd00000)
  object space 146432K, 15% used [0x00000006c3600000,0x00000006c4cb6a18,0x00000006cc500000)
 Metaspace       used 41325K, capacity 43766K, committed 43944K, reserved 1087488K
  class space    used 5517K, capacity 5962K, committed 6064K, reserved 1048576K
}
Event: 9.814 GC heap before
{Heap before GC invocations=10 (full 2):
 PSYoungGen      total 177664K, used 177651K [0x000000076bd00000, 0x0000000779600000, 0x00000007c0000000)
  eden space 165376K, 100% used [0x000000076bd00000,0x0000000775e80000,0x0000000775e80000)
  from space 12288K, 99% used [0x0000000775e80000,0x0000000776a7cce8,0x0000000776a80000)
  to   space 11264K, 0% used [0x0000000776a80000,0x0000000776a80000,0x0000000777580000)
 ParOldGen       total 146432K, used 23258K [0x00000006c3600000, 0x00000006cc500000, 0x000000076bd00000)
  object space 146432K, 15% used [0x00000006c3600000,0x00000006c4cb6a18,0x00000006cc500000)
 Metaspace       used 41918K, capacity 44432K, committed 44456K, reserved 1087488K
  class space    used 5578K, capacity 6045K, committed 6064K, reserved 1048576K
Event: 10.848 GC heap after
Heap after GC invocations=10 (full 2):
 PSYoungGen      total 164352K, used 11235K [0x000000076bd00000, 0x000000077da00000, 0x00000007c0000000)
  eden space 153088K, 0% used [0x000000076bd00000,0x000000076bd00000,0x0000000775280000)
  from space 11264K, 99% used [0x0000000776a80000,0x0000000777578d78,0x0000000777580000)
  to   space 24576K, 0% used [0x0000000775280000,0x0000000775280000,0x0000000776a80000)
 ParOldGen       total 146432K, used 42058K [0x00000006c3600000, 0x00000006cc500000, 0x000000076bd00000)
  object space 146432K, 28% used [0x00000006c3600000,0x00000006c5f129c8,0x00000006cc500000)
 Metaspace       used 41918K, capacity 44432K, committed 44456K, reserved 1087488K
  class space    used 5578K, capacity 6045K, committed 6064K, reserved 1048576K
}

Deoptimization events (10 events):
Event: 9.494 Thread 0x000000002600b000 Uncommon trap: reason=unstable_if action=reinterpret pc=0x00000000034eb48c method=nonapi.io.github.classgraph.fastzipfilereader.LogicalZipFile.parseManifest(Lnonapi/io/github/classgraph/fastzipfilereader/FastZipEntry;Lnonapi/io/github/classgraph/utils/Log
Event: 9.494 Thread 0x000000002600b000 Uncommon trap: reason=unstable_if action=reinterpret pc=0x000000000352bd80 method=io.github.classgraph.ClasspathElementZip.open(Lnonapi/io/github/classgraph/concurrency/WorkQueue;Lnonapi/io/github/classgraph/utils/LogNode;)V @ 427
Event: 9.494 Thread 0x0000000026008800 Uncommon trap: reason=unstable_if action=reinterpret pc=0x000000000352bd80 method=io.github.classgraph.ClasspathElementZip.open(Lnonapi/io/github/classgraph/concurrency/WorkQueue;Lnonapi/io/github/classgraph/utils/LogNode;)V @ 427
Event: 9.760 Thread 0x0000000023746000 Uncommon trap: reason=unstable_if action=reinterpret pc=0x0000000002d1aef8 method=java.util.concurrent.ConcurrentHashMap.addCount(JI)V @ 34
Event: 9.764 Thread 0x0000000025d72000 Uncommon trap: reason=unstable_if action=reinterpret pc=0x0000000002e9c608 method=java.util.concurrent.ConcurrentHashMap.addCount(JI)V @ 7
Event: 9.767 Thread 0x0000000025d6f800 Uncommon trap: reason=unstable_if action=reinterpret pc=0x00000000035349d8 method=java.util.concurrent.ConcurrentHashMap.sumCount()J @ 11
Event: 10.848 Thread 0x000000001dc33000 Uncommon trap: reason=unstable_if action=reinterpret pc=0x00000000034be5b0 method=java.lang.ref.Reference.tryHandlePending(Z)Z @ 20
Event: 11.029 Thread 0x00000000028f9000 Uncommon trap: reason=unstable_if action=reinterpret pc=0x00000000038c9228 method=org.springframework.beans.factory.support.AbstractBeanFactory.isTypeMatch(Ljava/lang/String;Lorg/springframework/core/ResolvableType;Z)Z @ 581
Event: 11.033 Thread 0x00000000028f9000 Uncommon trap: reason=unstable_if action=reinterpret pc=0x000000000322b854 method=java.io.WinNTFileSystem.isLetter(C)Z @ 3
Event: 11.086 Thread 0x00000000028f9000 Uncommon trap: reason=unstable_if action=reinterpret pc=0x00000000038f39a4 method=org.springframework.beans.factory.support.DefaultSingletonBeanRegistry.getSingleton(Ljava/lang/String;Z)Ljava/lang/Object; @ 39

Classes redefined (0 events):
No events

Internal exceptions (10 events):
Event: 13.204 Thread 0x00000000028f9000 Exception <a 'java/lang/ClassNotFoundException': org/springframework/aop/framework/ProxyConfigCustomizer> (0x000000077205cac0) thrown at [C:\re\workspace\8-2-build-windows-amd64-cygwin\jdk8u202\12323\hotspot\src\share\vm\classfile\systemDictionary.cpp, li
Event: 13.205 Thread 0x00000000028f9000 Exception <a 'java/lang/ClassNotFoundException': org/springframework/aop/scope/ScopedProxyFactoryBeanCustomizer> (0x00000007720900f0) thrown at [C:\re\workspace\8-2-build-windows-amd64-cygwin\jdk8u202\12323\hotspot\src\share\vm\classfile\systemDictionary.
Event: 13.206 Thread 0x00000000028f9000 Exception <a 'java/lang/ClassNotFoundException': org/springframework/cloud/context/scope/GenericScope$LockedScopedProxyFactoryBeanCustomizer> (0x00000007720cae10) thrown at [C:\re\workspace\8-2-build-windows-amd64-cygwin\jdk8u202\12323\hotspot\src\share\v
Event: 13.207 Thread 0x00000000028f9000 Exception <a 'java/lang/ClassNotFoundException': org/aopalliance/intercept/MethodInterceptorCustomizer> (0x00000007720fd3d8) thrown at [C:\re\workspace\8-2-build-windows-amd64-cygwin\jdk8u202\12323\hotspot\src\share\vm\classfile\systemDictionary.cpp, line
Event: 13.207 Thread 0x00000000028f9000 Exception <a 'java/lang/ClassNotFoundException': org/aopalliance/intercept/InterceptorCustomizer> (0x000000077211dc60) thrown at [C:\re\workspace\8-2-build-windows-amd64-cygwin\jdk8u202\12323\hotspot\src\share\vm\classfile\systemDictionary.cpp, line 210]
Event: 13.207 Thread 0x00000000028f9000 Exception <a 'java/lang/ClassNotFoundException': org/aopalliance/aop/AdviceCustomizer> (0x00000007721390d8) thrown at [C:\re\workspace\8-2-build-windows-amd64-cygwin\jdk8u202\12323\hotspot\src\share\vm\classfile\systemDictionary.cpp, line 210]
Event: 13.208 Thread 0x00000000028f9000 Exception <a 'java/lang/ClassNotFoundException': org/springframework/beans/factory/FactoryBeanCustomizer> (0x000000077215c828) thrown at [C:\re\workspace\8-2-build-windows-amd64-cygwin\jdk8u202\12323\hotspot\src\share\vm\classfile\systemDictionary.cpp, li
Event: 13.208 Thread 0x00000000028f9000 Exception <a 'java/lang/ClassNotFoundException': org/springframework/beans/factory/BeanFactoryAwareCustomizer> (0x0000000772186378) thrown at [C:\re\workspace\8-2-build-windows-amd64-cygwin\jdk8u202\12323\hotspot\src\share\vm\classfile\systemDictionary.cp
Event: 13.209 Thread 0x00000000028f9000 Exception <a 'java/lang/ClassNotFoundException': org/springframework/beans/factory/AwareCustomizer> (0x00000007721a8390) thrown at [C:\re\workspace\8-2-build-windows-amd64-cygwin\jdk8u202\12323\hotspot\src\share\vm\classfile\systemDictionary.cpp, line 210
Event: 13.209 Thread 0x00000000028f9000 Exception <a 'java/lang/ClassNotFoundException': org/springframework/aop/framework/AopInfrastructureBeanCustomizer> (0x00000007721cfb70) thrown at [C:\re\workspace\8-2-build-windows-amd64-cygwin\jdk8u202\12323\hotspot\src\share\vm\classfile\systemDictiona

Events (10 events):
Event: 13.221 loading class sun/reflect/UnsafeIntegerFieldAccessorImpl
Event: 13.222 loading class sun/reflect/UnsafeIntegerFieldAccessorImpl done
Event: 13.225 loading class org/springframework/cloud/netflix/eureka/metadata/DefaultManagementMetadataProvider
Event: 13.225 loading class org/springframework/cloud/netflix/eureka/metadata/DefaultManagementMetadataProvider done
Event: 13.226 loading class com/netflix/appinfo/DataCenterInfo
Event: 13.226 loading class com/netflix/appinfo/DataCenterInfo done
Event: 13.227 loading class com/netflix/appinfo/MyDataCenterInfo
Event: 13.227 loading class com/netflix/appinfo/MyDataCenterInfo done
Event: 13.228 loading class com/netflix/appinfo/DataCenterInfo$Name
Event: 13.228 loading class com/netflix/appinfo/DataCenterInfo$Name done


Dynamic libraries:
0x00007ff6a30a0000 - 0x00007ff6a30d7000 	C:\Program Files\Java\jdk1.8.0_202\bin\java.exe
0x00007ffcb6ee0000 - 0x00007ffcb7146000 	C:\WINDOWS\SYSTEM32\ntdll.dll
0x00007ffcb6250000 - 0x00007ffcb6319000 	C:\WINDOWS\System32\KERNEL32.DLL
0x00007ffcb4300000 - 0x00007ffcb46ff000 	C:\WINDOWS\System32\KERNELBASE.dll
0x00007ffcb68e0000 - 0x00007ffcb699c000 	C:\WINDOWS\System32\ADVAPI32.dll
0x00007ffcb6830000 - 0x00007ffcb68d9000 	C:\WINDOWS\System32\msvcrt.dll
0x00007ffcb6520000 - 0x00007ffcb65ca000 	C:\WINDOWS\System32\sechost.dll
0x00007ffcb69d0000 - 0x00007ffcb6ae8000 	C:\WINDOWS\System32\RPCRT4.dll
0x00007ffcb6cd0000 - 0x00007ffcb6e96000 	C:\WINDOWS\System32\USER32.dll
0x00007ffcb40f0000 - 0x00007ffcb4117000 	C:\WINDOWS\System32\win32u.dll
0x00007ffcb4c20000 - 0x00007ffcb4c4b000 	C:\WINDOWS\System32\GDI32.dll
0x00007ffcb41d0000 - 0x00007ffcb42f9000 	C:\WINDOWS\System32\gdi32full.dll
0x00007ffcb4120000 - 0x00007ffcb41c3000 	C:\WINDOWS\System32\msvcp_win.dll
0x00007ffcb49f0000 - 0x00007ffcb4b3c000 	C:\WINDOWS\System32\ucrtbase.dll
0x00007ffc95a80000 - 0x00007ffc95d11000 	C:\WINDOWS\WinSxS\amd64_microsoft.windows.common-controls_6595b64144ccf1df_6.0.26100.8972_none_3e0da176e32f9d4b\COMCTL32.dll
0x00007ffcb6af0000 - 0x00007ffcb6b22000 	C:\WINDOWS\System32\IMM32.DLL
0x0000000075530000 - 0x0000000075602000 	C:\Program Files\Java\jdk1.8.0_202\jre\bin\msvcr100.dll
0x0000000075610000 - 0x0000000075eb5000 	C:\Program Files\Java\jdk1.8.0_202\jre\bin\server\jvm.dll
0x00007ffcb4c10000 - 0x00007ffcb4c18000 	C:\WINDOWS\System32\PSAPI.DLL
0x00007ffca8ea0000 - 0x00007ffca8eab000 	C:\WINDOWS\SYSTEM32\VERSION.dll
0x00007ffc96ff0000 - 0x00007ffc96ffa000 	C:\WINDOWS\SYSTEM32\WSOCK32.dll
0x00007ffc96850000 - 0x00007ffc96886000 	C:\WINDOWS\SYSTEM32\WINMM.dll
0x00007ffcb5740000 - 0x00007ffcb57c2000 	C:\WINDOWS\System32\WS2_32.dll
0x00007ffcad8c0000 - 0x00007ffcad8cf000 	C:\Program Files\Java\jdk1.8.0_202\jre\bin\verify.dll
0x00007ffc8c5c0000 - 0x00007ffc8c5e9000 	C:\Program Files\Java\jdk1.8.0_202\jre\bin\java.dll
0x00007ffc8cb60000 - 0x00007ffc8cb76000 	C:\Program Files\Java\jdk1.8.0_202\jre\bin\zip.dll
0x00007ffcb4fb0000 - 0x00007ffcb5738000 	C:\WINDOWS\System32\SHELL32.dll
0x00007ffcb1b60000 - 0x00007ffcb23fb000 	C:\WINDOWS\SYSTEM32\windows.storage.dll
0x00007ffcb5940000 - 0x00007ffcb5cc5000 	C:\WINDOWS\System32\combase.dll
0x00007ffcb5840000 - 0x00007ffcb5939000 	C:\WINDOWS\System32\SHCORE.dll
0x00007ffcb57d0000 - 0x00007ffcb5836000 	C:\WINDOWS\System32\shlwapi.dll
0x00007ffcb4010000 - 0x00007ffcb4039000 	C:\WINDOWS\SYSTEM32\profapi.dll
0x00007ffc8c5a0000 - 0x00007ffc8c5ba000 	C:\Program Files\Java\jdk1.8.0_202\jre\bin\net.dll
0x00007ffc9afb0000 - 0x00007ffc9b18d000 	C:\WINDOWS\SYSTEM32\urlmon.dll
0x00007ffc9ace0000 - 0x00007ffc9afa4000 	C:\WINDOWS\SYSTEM32\iertutil.dll
0x00007ffca2c60000 - 0x00007ffca2c89000 	C:\WINDOWS\SYSTEM32\srvcli.dll
0x00007ffcb26f0000 - 0x00007ffcb26fd000 	C:\WINDOWS\SYSTEM32\netutils.dll
0x00007ffcb3330000 - 0x00007ffcb339c000 	C:\WINDOWS\system32\mswsock.dll
0x00007ffcb27a0000 - 0x00007ffcb27d3000 	C:\WINDOWS\SYSTEM32\IPHLPAPI.DLL
0x00007ffcb5cd0000 - 0x00007ffcb5cda000 	C:\WINDOWS\System32\NSI.dll
0x00007ffcaa1e0000 - 0x00007ffcaa1fd000 	C:\WINDOWS\SYSTEM32\dhcpcsvc6.DLL
0x00007ffcaa1b0000 - 0x00007ffcaa1d5000 	C:\WINDOWS\SYSTEM32\dhcpcsvc.DLL
0x00007ffcb2840000 - 0x00007ffcb2998000 	C:\WINDOWS\SYSTEM32\DNSAPI.dll
0x00007ffcb3150000 - 0x00007ffcb315d000 	C:\WINDOWS\SYSTEM32\DSPARSE.dll
0x00007ffca8e90000 - 0x00007ffca8e9b000 	C:\Windows\System32\rasadhlp.dll
0x00007ffcaa930000 - 0x00007ffcaa9b6000 	C:\WINDOWS\System32\fwpuclnt.dll
0x00007ffcad8b0000 - 0x00007ffcad8bd000 	C:\Program Files\Java\jdk1.8.0_202\jre\bin\management.dll
0x00007ffc8c980000 - 0x00007ffc8c998000 	C:\WINDOWS\system32\napinsp.dll
0x00007ffc8c580000 - 0x00007ffc8c593000 	C:\WINDOWS\System32\winrnr.dll
0x00007ffc8c010000 - 0x00007ffc8c032000 	C:\WINDOWS\system32\nlansp_c.dll
0x00007ffc8c100000 - 0x00007ffc8c116000 	C:\WINDOWS\system32\wshbth.dll
0x00007ffc453c0000 - 0x00007ffc453d2000 	C:\Program Files\Java\jdk1.8.0_202\jre\bin\nio.dll
0x00007ffcb3750000 - 0x00007ffcb376b000 	C:\WINDOWS\SYSTEM32\CRYPTSP.dll
0x00007ffcb2d00000 - 0x00007ffcb2d39000 	C:\WINDOWS\system32\rsaenh.dll
0x00007ffcb33e0000 - 0x00007ffcb3412000 	C:\WINDOWS\SYSTEM32\USERENV.dll
0x00007ffcb3fe0000 - 0x00007ffcb400a000 	C:\WINDOWS\SYSTEM32\bcrypt.dll
0x00007ffcb4710000 - 0x00007ffcb47bc000 	C:\WINDOWS\System32\bcryptprimitives.dll
0x00007ffcb3590000 - 0x00007ffcb359c000 	C:\WINDOWS\SYSTEM32\CRYPTBASE.dll

VM Arguments:
java_command: com.hospital.report.ReportServiceApplication
java_class_path (initial): D:\Masum\MduhijodBranch\CloneProjectsHMIS_160426\CloneProjectsHMIS\Backend\Hospital-Management-System-Backend\Report-Service\target\classes;C:\Users\admin\.m2\repository\org\springframework\boot\spring-boot-starter-web\2.3.12.RELEASE\spring-boot-starter-web-2.3.12.RELEASE.jar;C:\Users\admin\.m2\repository\org\springframework\boot\spring-boot-starter\2.3.12.RELEASE\spring-boot-starter-2.3.12.RELEASE.jar;C:\Users\admin\.m2\repository\org\springframework\boot\spring-boot\2.3.12.RELEASE\spring-boot-2.3.12.RELEASE.jar;C:\Users\admin\.m2\repository\org\springframework\boot\spring-boot-autoconfigure\2.3.12.RELEASE\spring-boot-autoconfigure-2.3.12.RELEASE.jar;C:\Users\admin\.m2\repository\org\springframework\boot\spring-boot-starter-logging\2.3.12.RELEASE\spring-boot-starter-logging-2.3.12.RELEASE.jar;C:\Users\admin\.m2\repository\ch\qos\logback\logback-classic\1.2.3\logback-classic-1.2.3.jar;C:\Users\admin\.m2\repository\ch\qos\logback\logback-core\1.2.3\logback-core-1.2.3.jar;C:\Users\admin\.m2\repository\org\apache\logging\log4j\log4j-to-slf4j\2.13.3\log4j-to-slf4j-2.13.3.jar;C:\Users\admin\.m2\repository\org\apache\logging\log4j\log4j-api\2.13.3\log4j-api-2.13.3.jar;C:\Users\admin\.m2\repository\org\slf4j\jul-to-slf4j\1.7.30\jul-to-slf4j-1.7.30.jar;C:\Users\admin\.m2\repository\jakarta\annotation\jakarta.annotation-api\1.3.5\jakarta.annotation-api-1.3.5.jar;C:\Users\admin\.m2\repository\org\yaml\snakeyaml\1.26\snakeyaml-1.26.jar;C:\Users\admin\.m2\repository\org\springframework\boot\spring-boot-starter-json\2.3.12.RELEASE\spring-boot-starter-json-2.3.12.RELEASE.jar;C:\Users\admin\.m2\repository\com\fasterxml\jackson\core\jackson-databind\2.11.4\jackson-databind-2.11.4.jar;C:\Users\admin\.m2\repository\com\fasterxml\jackson\datatype\jackson-datatype-jdk8\2.11.4\jackson-datatype-jdk8-2.11.4.jar;C:\Users\admin\.m2\repository\com\fasterxml\jackson\datatype\jackson-datatype-jsr310\2.11.4\jackson-datatype-jsr310-2.11.4.jar;C:\Users\admin\.m2\repos
Launcher Type: SUN_STANDARD

Environment Variables:
JAVA_HOME=C:\Program Files\Java\jdk1.8.0_202
PATH=C:\Program Files\Eclipse Adoptium\jdk-17.0.19.10-hotspot\bin;C:\Program Files (x86)\Common Files\Oracle\Java\javapath;C:\WINDOWS\system32;C:\WINDOWS;C:\WINDOWS\System32\Wbem;C:\WINDOWS\System32\WindowsPowerShell\v1.0\;C:\WINDOWS\System32\OpenSSH\;C:\xampp\php;C:\ProgramData\ComposerSetup\bin;C:\Program Files\dotnet\;C:\Program Files\MySQL\MySQL Server 8.0\bin;C:\Program Files\nodejs\;C:\Program Files\Git\cmd;C:\Program Files\Docker\Docker\resources\bin;C:\Program Files\MySQL\MySQL Shell 8.0\bin\;C:\laragon\bin;C:\laragon\bin\apache\httpd-2.4.35-win64-VC15\bin;C:\laragon\bin\composer;C:\laragon\bin\laragon\utils;C:\laragon\bin\mysql\mysql-5.7.24-winx64\bin;C:\laragon\bin\nodejs\node-v14;C:\laragon\bin\notepad++;C:\laragon\bin\php\php-7.3.20-Win32-VC15-x64;C:\laragon\bin\redis\redis-x64-3.2.100;C:\Users\admin\AppData\Local\Yarn\config\global\node_modules\.bin;C:\Users\admin\AppData\Roaming\Composer\vendor\bin;C:\Users\admin\AppData\Roaming\npm;C:\Users\admin\AppData\Local\Microsoft\WindowsApps;C:\Users\admin\AppData\Local\Programs\Microsoft VS Code\bin;;C:\Program Files\JetBrains\IntelliJ IDEA Community Edition 2023.1.2\bin;;C:\Users\admin\AppData\Local\Microsoft\WindowsApps;C:\Users\admin\AppData\Local\Microsoft\WinGet\Packages\EclipseFoundation.Eclipse.JEE_Microsoft.Winget.Source_8wekyb3d8bbwe\eclipse;
USERNAME=admin
OS=Windows_NT
PROCESSOR_IDENTIFIER=Intel64 Family 6 Model 158 Stepping 13, GenuineIntel



---------------  S Y S T E M  ---------------

OS: Windows 10.0 , 64 bit Build 26100 (10.0.26100.9168)

CPU:total 12 (initial active 12) (6 cores per cpu, 2 threads per core) family 6 model 158 stepping 13, cmov, cx8, fxsr, mmx, sse, sse2, sse3, ssse3, sse4.1, sse4.2, popcnt, avx, avx2, aes, clmul, erms, 3dnowpref, lzcnt, ht, tsc, tscinvbit, bmi1, bmi2, adx

Memory: 4k page, physical 16553888k(1682656k free), swap 24131100k(11104k free)

vm_info: Java HotSpot(TM) 64-Bit Server VM (25.202-b08) for windows-amd64 JRE (1.8.0_202-b08), built on Dec 15 2018 19:54:30 by "java_re" with MS VC++ 10.0 (VS2010)

time: Fri Aug 14 02:31:52 2026
timezone: India Standard Time
elapsed time: 15 seconds (0d 0h 0m 15s)

