#
# There is insufficient memory for the Java Runtime Environment to continue.
# Native memory allocation (malloc) failed to allocate 1332336 bytes for Chunk::new
# Possible reasons:
#   The system is out of physical RAM or swap space
#   The process is running with CompressedOops enabled, and the Java Heap may be blocking the growth of the native heap
# Possible solutions:
#   Reduce memory load on the system
#   Increase physical memory or swap space
#   Check if swap backing store is full
#   Decrease Java heap size (-Xmx/-Xms)
#   Decrease number of Java threads
#   Decrease Java thread stack sizes (-Xss)
#   Set larger code cache with -XX:ReservedCodeCacheSize=
#   JVM is running with Unscaled Compressed Oops mode in which the Java heap is
#     placed in the first 4GB address space. The Java Heap base address is the
#     maximum limit for the native heap growth. Please use -XX:HeapBaseMinAddress
#     to set the Java Heap base and to place the Java Heap above 4GB virtual address.
# This output file may be truncated or incomplete.
#
#  Out of Memory Error (allocation.cpp:389), pid=9588, tid=0x0000000000002788
#
# JRE version: Java(TM) SE Runtime Environment (8.0_202-b08) (build 1.8.0_202-b08)
# Java VM: Java HotSpot(TM) 64-Bit Server VM (25.202-b08 mixed mode windows-amd64 compressed oops)
# Failed to write core dump. Minidumps are not enabled by default on client versions of Windows
#

---------------  T H R E A D  ---------------

Current thread (0x0000000015375000):  JavaThread "C2 CompilerThread2" daemon [_thread_in_native, id=10120, stack(0x0000000016bc0000,0x0000000016cc0000)]

Stack: [0x0000000016bc0000,0x0000000016cc0000]
[error occurred during error reporting (printing stack bounds), id 0xc0000005]

Native frames: (J=compiled Java code, j=interpreted, Vv=VM code, C=native code)


Current CompileTask:
C2:   6064 3373       4       org.springframework.boot.context.properties.source.SpringConfigurationPropertySources$SourcesIterator::fetchNext (138 bytes)


---------------  P R O C E S S  ---------------

Java Threads: ( => current thread )
  0x0000000015381000 JavaThread "Service Thread" daemon [_thread_blocked, id=14292, stack(0x0000000016dc0000,0x0000000016ec0000)]
  0x0000000015376000 JavaThread "C1 CompilerThread3" daemon [_thread_blocked, id=13156, stack(0x0000000016cc0000,0x0000000016dc0000)]
=>0x0000000015375000 JavaThread "C2 CompilerThread2" daemon [_thread_in_native, id=10120, stack(0x0000000016bc0000,0x0000000016cc0000)]
  0x0000000015372800 JavaThread "C2 CompilerThread1" daemon [_thread_blocked, id=14476, stack(0x0000000016ac0000,0x0000000016bc0000)]
  0x000000001536c800 JavaThread "C2 CompilerThread0" daemon [_thread_blocked, id=10200, stack(0x00000000169c0000,0x0000000016ac0000)]
  0x000000001536b000 JavaThread "Attach Listener" daemon [_thread_blocked, id=8296, stack(0x00000000168c0000,0x00000000169c0000)]
  0x000000001536a000 JavaThread "Signal Dispatcher" daemon [_thread_blocked, id=16356, stack(0x00000000167c0000,0x00000000168c0000)]
  0x0000000013c77800 JavaThread "Finalizer" daemon [_thread_blocked, id=5272, stack(0x00000000165b0000,0x00000000166b0000)]
  0x0000000015353000 JavaThread "Reference Handler" daemon [_thread_blocked, id=15416, stack(0x00000000164b0000,0x00000000165b0000)]
  0x0000000002ab9000 JavaThread "main" [_thread_in_vm, id=1188, stack(0x0000000002920000,0x0000000002a20000)]

Other Threads:
  0x0000000013c66800 VMThread [stack: 0x00000000163b0000,0x00000000164b0000] [id=6188]
  0x0000000015467000 WatcherThread [stack: 0x0000000016ec0000,0x0000000016fc0000] [id=13920]

VM state:synchronizing (normal execution)

VM Mutex/Monitor currently owned by a thread:  ([mutex/lock_event])
[0x0000000002ab6160] Threads_lock - owner thread: 0x0000000013c66800
[0x0000000002ab8df0] PeriodicTask_lock - owner thread: 0x0000000015467000

heap address: 0x00000000f0000000, size: 256 MB, Compressed Oops mode: 32-bit
Narrow klass base: 0x0000000000000000, Narrow klass shift: 3
Compressed class space size: 1073741824 Address: 0x0000000100000000

Heap:
 PSYoungGen      total 72704K, used 12030K [0x00000000fab00000, 0x0000000100000000, 0x0000000100000000)
  eden space 64000K, 5% used [0x00000000fab00000,0x00000000fae43758,0x00000000fe980000)
  from space 8704K, 99% used [0x00000000ff380000,0x00000000ffbfc480,0x00000000ffc00000)
  to   space 10240K, 0% used [0x00000000fe980000,0x00000000fe980000,0x00000000ff380000)
 ParOldGen       total 97792K, used 9602K [0x00000000f0000000, 0x00000000f5f80000, 0x00000000fab00000)
  object space 97792K, 9% used [0x00000000f0000000,0x00000000f09609f0,0x00000000f5f80000)
 Metaspace       used 32068K, capacity 33718K, committed 33792K, reserved 1079296K
  class space    used 4256K, capacity 4562K, committed 4608K, reserved 1048576K

Card table byte_map: [0x0000000011f70000,0x0000000012000000] byte_map_base: 0x00000000117f0000

Marking Bits: (ParMarkBitMap*) 0x0000000075e35ce0
 Begin Bits: [0x0000000012a00000, 0x0000000012e00000)
 End Bits:   [0x0000000012e00000, 0x0000000013200000)

Polling page: 0x0000000000f10000

CodeCache: size=245760Kb used=12240Kb max_used=12250Kb free=233519Kb
 bounds [0x0000000002bb0000, 0x00000000037b0000, 0x0000000011bb0000]
 total_blobs=3811 nmethods=3412 adapters=311
 compilation: enabled

Compilation events (10 events):
Event: 5.028 Thread 0x0000000015376000 3415       3       java.util.logging.LogManager$LoggerContext::requiresDefaultLoggers (29 bytes)
Event: 5.028 Thread 0x0000000015376000 nmethod 3415 0x00000000037ab190 code [0x00000000037ab300, 0x00000000037ab728]
Event: 5.028 Thread 0x0000000015376000 3416       3       java.util.logging.LogManager::access$100 (4 bytes)
Event: 5.028 Thread 0x0000000015376000 nmethod 3416 0x00000000037a4390 code [0x00000000037a44e0, 0x00000000037a4610]
Event: 5.029 Thread 0x000000001536c800 nmethod 3413 0x00000000037ab810 code [0x00000000037ab9a0, 0x00000000037ac2f8]
Event: 5.035 Thread 0x0000000015372800 nmethod 3414 0x00000000037aca10 code [0x00000000037acb80, 0x00000000037ad5d8]
Event: 5.045 Thread 0x0000000015376000 3417       3       java.util.logging.LogManager::getProperty (9 bytes)
Event: 5.045 Thread 0x0000000015376000 nmethod 3417 0x00000000037aad50 code [0x00000000037aaec0, 0x00000000037ab0e8]
Event: 5.045 Thread 0x0000000015376000 3418       3       java.util.LinkedHashMap::get (33 bytes)
Event: 5.045 Thread 0x0000000015376000 nmethod 3418 0x00000000037aa510 code [0x00000000037aa6a0, 0x00000000037aaba8]

GC Heap History (10 events):
Event: 1.491 GC heap before
{Heap before GC invocations=3 (full 0):
 PSYoungGen      total 75776K, used 32608K [0x00000000fab00000, 0x0000000100000000, 0x0000000100000000)
  eden space 65024K, 37% used [0x00000000fab00000,0x00000000fc28ad98,0x00000000fea80000)
  from space 10752K, 79% used [0x00000000ff500000,0x00000000ffd4d498,0x00000000fff80000)
  to   space 10752K, 0% used [0x00000000fea80000,0x00000000fea80000,0x00000000ff500000)
 ParOldGen       total 173568K, used 24K [0x00000000f0000000, 0x00000000fa980000, 0x00000000fab00000)
  object space 173568K, 0% used [0x00000000f0000000,0x00000000f0006000,0x00000000fa980000)
 Metaspace       used 20317K, capacity 21146K, committed 21296K, reserved 1067008K
  class space    used 2634K, capacity 2832K, committed 2944K, reserved 1048576K
Event: 1.494 GC heap after
Heap after GC invocations=3 (full 0):
 PSYoungGen      total 75776K, used 7894K [0x00000000fab00000, 0x0000000100000000, 0x0000000100000000)
  eden space 65024K, 0% used [0x00000000fab00000,0x00000000fab00000,0x00000000fea80000)
  from space 10752K, 73% used [0x00000000fea80000,0x00000000ff2359e8,0x00000000ff500000)
  to   space 10752K, 0% used [0x00000000ff580000,0x00000000ff580000,0x0000000100000000)
 ParOldGen       total 173568K, used 32K [0x00000000f0000000, 0x00000000fa980000, 0x00000000fab00000)
  object space 173568K, 0% used [0x00000000f0000000,0x00000000f0008000,0x00000000fa980000)
 Metaspace       used 20317K, capacity 21146K, committed 21296K, reserved 1067008K
  class space    used 2634K, capacity 2832K, committed 2944K, reserved 1048576K
}
Event: 1.494 GC heap before
{Heap before GC invocations=4 (full 1):
 PSYoungGen      total 75776K, used 7894K [0x00000000fab00000, 0x0000000100000000, 0x0000000100000000)
  eden space 65024K, 0% used [0x00000000fab00000,0x00000000fab00000,0x00000000fea80000)
  from space 10752K, 73% used [0x00000000fea80000,0x00000000ff2359e8,0x00000000ff500000)
  to   space 10752K, 0% used [0x00000000ff580000,0x00000000ff580000,0x0000000100000000)
 ParOldGen       total 173568K, used 32K [0x00000000f0000000, 0x00000000fa980000, 0x00000000fab00000)
  object space 173568K, 0% used [0x00000000f0000000,0x00000000f0008000,0x00000000fa980000)
 Metaspace       used 20317K, capacity 21146K, committed 21296K, reserved 1067008K
  class space    used 2634K, capacity 2832K, committed 2944K, reserved 1048576K
Event: 1.510 GC heap after
Heap after GC invocations=4 (full 1):
 PSYoungGen      total 75776K, used 0K [0x00000000fab00000, 0x0000000100000000, 0x0000000100000000)
  eden space 65024K, 0% used [0x00000000fab00000,0x00000000fab00000,0x00000000fea80000)
  from space 10752K, 0% used [0x00000000fea80000,0x00000000fea80000,0x00000000ff500000)
  to   space 10752K, 0% used [0x00000000ff580000,0x00000000ff580000,0x0000000100000000)
 ParOldGen       total 97792K, used 7517K [0x00000000f0000000, 0x00000000f5f80000, 0x00000000fab00000)
  object space 97792K, 7% used [0x00000000f0000000,0x00000000f0757758,0x00000000f5f80000)
 Metaspace       used 20317K, capacity 21146K, committed 21296K, reserved 1067008K
  class space    used 2634K, capacity 2832K, committed 2944K, reserved 1048576K
}
Event: 2.817 GC heap before
{Heap before GC invocations=5 (full 1):
 PSYoungGen      total 75776K, used 65024K [0x00000000fab00000, 0x0000000100000000, 0x0000000100000000)
  eden space 65024K, 100% used [0x00000000fab00000,0x00000000fea80000,0x00000000fea80000)
  from space 10752K, 0% used [0x00000000fea80000,0x00000000fea80000,0x00000000ff500000)
  to   space 10752K, 0% used [0x00000000ff580000,0x00000000ff580000,0x0000000100000000)
 ParOldGen       total 97792K, used 7517K [0x00000000f0000000, 0x00000000f5f80000, 0x00000000fab00000)
  object space 97792K, 7% used [0x00000000f0000000,0x00000000f0757758,0x00000000f5f80000)
 Metaspace       used 24786K, capacity 25820K, committed 26112K, reserved 1071104K
  class space    used 3249K, capacity 3471K, committed 3584K, reserved 1048576K
Event: 2.821 GC heap after
Heap after GC invocations=5 (full 1):
 PSYoungGen      total 76288K, used 7746K [0x00000000fab00000, 0x0000000100000000, 0x0000000100000000)
  eden space 65536K, 0% used [0x00000000fab00000,0x00000000fab00000,0x00000000feb00000)
  from space 10752K, 72% used [0x00000000ff580000,0x00000000ffd10888,0x0000000100000000)
  to   space 10752K, 0% used [0x00000000feb00000,0x00000000feb00000,0x00000000ff580000)
 ParOldGen       total 97792K, used 7525K [0x00000000f0000000, 0x00000000f5f80000, 0x00000000fab00000)
  object space 97792K, 7% used [0x00000000f0000000,0x00000000f0759758,0x00000000f5f80000)
 Metaspace       used 24786K, capacity 25820K, committed 26112K, reserved 1071104K
  class space    used 3249K, capacity 3471K, committed 3584K, reserved 1048576K
}
Event: 3.456 GC heap before
{Heap before GC invocations=6 (full 1):
 PSYoungGen      total 76288K, used 73282K [0x00000000fab00000, 0x0000000100000000, 0x0000000100000000)
  eden space 65536K, 100% used [0x00000000fab00000,0x00000000feb00000,0x00000000feb00000)
  from space 10752K, 72% used [0x00000000ff580000,0x00000000ffd10888,0x0000000100000000)
  to   space 10752K, 0% used [0x00000000feb00000,0x00000000feb00000,0x00000000ff580000)
 ParOldGen       total 97792K, used 7525K [0x00000000f0000000, 0x00000000f5f80000, 0x00000000fab00000)
  object space 97792K, 7% used [0x00000000f0000000,0x00000000f0759758,0x00000000f5f80000)
 Metaspace       used 27383K, capacity 28554K, committed 28672K, reserved 1075200K
  class space    used 3570K, capacity 3836K, committed 3840K, reserved 1048576K
Event: 3.462 GC heap after
Heap after GC invocations=6 (full 1):
 PSYoungGen      total 74240K, used 8299K [0x00000000fab00000, 0x00000000ffc00000, 0x0000000100000000)
  eden space 65536K, 0% used [0x00000000fab00000,0x00000000fab00000,0x00000000feb00000)
  from space 8704K, 95% used [0x00000000feb00000,0x00000000ff31ac98,0x00000000ff380000)
  to   space 8704K, 0% used [0x00000000ff380000,0x00000000ff380000,0x00000000ffc00000)
 ParOldGen       total 97792K, used 7533K [0x00000000f0000000, 0x00000000f5f80000, 0x00000000fab00000)
  object space 97792K, 7% used [0x00000000f0000000,0x00000000f075b758,0x00000000f5f80000)
 Metaspace       used 27383K, capacity 28554K, committed 28672K, reserved 1075200K
  class space    used 3570K, capacity 3836K, committed 3840K, reserved 1048576K
}
Event: 4.984 GC heap before
{Heap before GC invocations=7 (full 1):
 PSYoungGen      total 74240K, used 73835K [0x00000000fab00000, 0x00000000ffc00000, 0x0000000100000000)
  eden space 65536K, 100% used [0x00000000fab00000,0x00000000feb00000,0x00000000feb00000)
  from space 8704K, 95% used [0x00000000feb00000,0x00000000ff31ac98,0x00000000ff380000)
  to   space 8704K, 0% used [0x00000000ff380000,0x00000000ff380000,0x00000000ffc00000)
 ParOldGen       total 97792K, used 7533K [0x00000000f0000000, 0x00000000f5f80000, 0x00000000fab00000)
  object space 97792K, 7% used [0x00000000f0000000,0x00000000f075b758,0x00000000f5f80000)
 Metaspace       used 31598K, capacity 33302K, committed 33536K, reserved 1079296K
  class space    used 4205K, capacity 4530K, committed 4608K, reserved 1048576K
Event: 4.990 GC heap after
Heap after GC invocations=7 (full 1):
 PSYoungGen      total 72704K, used 8689K [0x00000000fab00000, 0x0000000100000000, 0x0000000100000000)
  eden space 64000K, 0% used [0x00000000fab00000,0x00000000fab00000,0x00000000fe980000)
  from space 8704K, 99% used [0x00000000ff380000,0x00000000ffbfc480,0x00000000ffc00000)
  to   space 10240K, 0% used [0x00000000fe980000,0x00000000fe980000,0x00000000ff380000)
 ParOldGen       total 97792K, used 9602K [0x00000000f0000000, 0x00000000f5f80000, 0x00000000fab00000)
  object space 97792K, 9% used [0x00000000f0000000,0x00000000f09609f0,0x00000000f5f80000)
 Metaspace       used 31598K, capacity 33302K, committed 33536K, reserved 1079296K
  class space    used 4205K, capacity 4530K, committed 4608K, reserved 1048576K
}

Deoptimization events (10 events):
Event: 4.264 Thread 0x0000000002ab9000 Uncommon trap: reason=unstable_if action=reinterpret pc=0x0000000003294efc method=java.util.Properties$LineReader.readLine()I @ 252
Event: 4.264 Thread 0x0000000002ab9000 Uncommon trap: reason=unstable_if action=reinterpret pc=0x000000000328910c method=java.util.Properties$LineReader.readLine()I @ 252
Event: 4.268 Thread 0x0000000002ab9000 Uncommon trap: reason=unstable_if action=reinterpret pc=0x000000000335585c method=java.io.WinNTFileSystem.isLetter(C)Z @ 3
Event: 4.337 Thread 0x0000000002ab9000 Uncommon trap: reason=null_check action=make_not_entrant pc=0x00000000034fc4d8 method=org.springframework.beans.factory.support.DefaultListableBeanFactory.getBeanDefinition(Ljava/lang/String;)Lorg/springframework/beans/factory/config/BeanDefinition; @ 10
Event: 4.341 Thread 0x0000000002ab9000 Uncommon trap: reason=class_check action=maybe_recompile pc=0x0000000003449bb4 method=org.springframework.boot.context.properties.source.SpringConfigurationPropertySources$SourcesIterator.fetchNext()Lorg/springframework/boot/context/properties/source/Conf
Event: 4.342 Thread 0x0000000002ab9000 Uncommon trap: reason=class_check action=maybe_recompile pc=0x0000000003449bb4 method=org.springframework.boot.context.properties.source.SpringConfigurationPropertySources$SourcesIterator.fetchNext()Lorg/springframework/boot/context/properties/source/Conf
Event: 4.343 Thread 0x0000000002ab9000 Uncommon trap: reason=class_check action=maybe_recompile pc=0x0000000003449bb4 method=org.springframework.boot.context.properties.source.SpringConfigurationPropertySources$SourcesIterator.fetchNext()Lorg/springframework/boot/context/properties/source/Conf
Event: 4.343 Thread 0x0000000002ab9000 Uncommon trap: reason=class_check action=maybe_recompile pc=0x0000000003449bb4 method=org.springframework.boot.context.properties.source.SpringConfigurationPropertySources$SourcesIterator.fetchNext()Lorg/springframework/boot/context/properties/source/Conf
Event: 4.468 Thread 0x0000000002ab9000 Uncommon trap: reason=unstable_if action=reinterpret pc=0x0000000003199180 method=java.util.LinkedHashMap.get(Ljava/lang/Object;)Ljava/lang/Object; @ 20
Event: 4.476 Thread 0x0000000002ab9000 Uncommon trap: reason=unstable_if action=reinterpret pc=0x000000000328c568 method=java.util.Properties.loadConvert([CII[C)Ljava/lang/String; @ 57

Classes redefined (0 events):
No events

Internal exceptions (10 events):
Event: 4.135 Thread 0x0000000002ab9000 Exception <a 'java/lang/ClassNotFoundException': org/springframework/beans/factory/BeanFactoryAwareCustomizer> (0x00000000fd875788) thrown at [C:\re\workspace\8-2-build-windows-amd64-cygwin\jdk8u202\12323\hotspot\src\share\vm\classfile\systemDictionary.cp
Event: 4.135 Thread 0x0000000002ab9000 Exception <a 'java/lang/ClassNotFoundException': org/springframework/beans/factory/AwareCustomizer> (0x00000000fd896440) thrown at [C:\re\workspace\8-2-build-windows-amd64-cygwin\jdk8u202\12323\hotspot\src\share\vm\classfile\systemDictionary.cpp, line 210
Event: 4.136 Thread 0x0000000002ab9000 Exception <a 'java/lang/ClassNotFoundException': org/springframework/core/OrderedCustomizer> (0x00000000fd8b2278) thrown at [C:\re\workspace\8-2-build-windows-amd64-cygwin\jdk8u202\12323\hotspot\src\share\vm\classfile\systemDictionary.cpp, line 210]
Event: 4.136 Thread 0x0000000002ab9000 Exception <a 'java/lang/ClassNotFoundException': org/springframework/beans/factory/BeanClassLoaderAwareCustomizer> (0x00000000fd8d93b8) thrown at [C:\re\workspace\8-2-build-windows-amd64-cygwin\jdk8u202\12323\hotspot\src\share\vm\classfile\systemDictionar
Event: 4.136 Thread 0x0000000002ab9000 Exception <a 'java/lang/ClassNotFoundException': org/springframework/beans/factory/AwareCustomizer> (0x00000000fd8f9ba0) thrown at [C:\re\workspace\8-2-build-windows-amd64-cygwin\jdk8u202\12323\hotspot\src\share\vm\classfile\systemDictionary.cpp, line 210
Event: 4.137 Thread 0x0000000002ab9000 Exception <a 'java/lang/ClassNotFoundException': org/springframework/aop/framework/AopInfrastructureBeanCustomizer> (0x00000000fd91fff8) thrown at [C:\re\workspace\8-2-build-windows-amd64-cygwin\jdk8u202\12323\hotspot\src\share\vm\classfile\systemDictiona
Event: 4.151 Thread 0x0000000002ab9000 Exception <a 'java/lang/NoSuchMethodError': java.lang.Object.lambda$thenComparing$36697e65$1(Ljava/util/Comparator;Ljava/lang/Object;Ljava/lang/Object;)I> (0x00000000fda3ff10) thrown at [C:\re\workspace\8-2-build-windows-amd64-cygwin\jdk8u202\12323\hotspo
Event: 4.337 Thread 0x0000000002ab9000 Implicit null exception at 0x00000000034fc36f to 0x00000000034fc4cd
Event: 4.376 Thread 0x0000000002ab9000 Exception <a 'java/lang/IncompatibleClassChangeError': Found class java.lang.Object, but interface was expected> (0x00000000fe479248) thrown at [C:\re\workspace\8-2-build-windows-amd64-cygwin\jdk8u202\12323\hotspot\src\share\vm\interpreter\linkResolver.cp
Event: 4.382 Thread 0x0000000002ab9000 Exception <a 'java/lang/NoSuchMethodError': java.lang.Object.lambda$and$0(Ljava/util/function/Predicate;Ljava/lang/Object;)Z> (0x00000000fe4bcda0) thrown at [C:\re\workspace\8-2-build-windows-amd64-cygwin\jdk8u202\12323\hotspot\src\share\vm\interpreter\li

Events (10 events):
Event: 5.045 loading class org/apache/catalina/deploy/LocalStrings
Event: 5.045 loading class org/apache/catalina/deploy/LocalStrings done
Event: 5.046 loading class org/apache/catalina/startup/CatalinaBaseConfigurationSource
Event: 5.046 loading class org/apache/catalina/startup/CatalinaBaseConfigurationSource done
Event: 5.047 loading class org/apache/tomcat/util/file/ConfigurationSource$1
Event: 5.047 loading class org/apache/tomcat/util/file/ConfigurationSource$1 done
Event: 5.047 loading class org/apache/tomcat/util/file/ConfigFileLoader
Event: 5.047 loading class org/apache/tomcat/util/file/ConfigFileLoader done
Event: 5.048 loading class org/apache/catalina/core/StandardService
Event: 5.048 loading class org/apache/catalina/core/StandardService done


Dynamic libraries:
0x00007ff6a30a0000 - 0x00007ff6a30d7000 	C:\Program Files\Java\jdk1.8.0_202\bin\java.exe
0x00007ffcb6ee0000 - 0x00007ffcb7146000 	C:\WINDOWS\SYSTEM32\ntdll.dll
0x00007ffcb6250000 - 0x00007ffcb6319000 	C:\WINDOWS\System32\KERNEL32.DLL
0x00007ffcb4300000 - 0x00007ffcb46ff000 	C:\WINDOWS\System32\KERNELBASE.dll
0x00007ffcb68e0000 - 0x00007ffcb699c000 	C:\WINDOWS\System32\ADVAPI32.dll
0x00007ffcb6830000 - 0x00007ffcb68d9000 	C:\WINDOWS\System32\msvcrt.dll
0x00007ffcb6520000 - 0x00007ffcb65ca000 	C:\WINDOWS\System32\sechost.dll
0x00007ffcb69d0000 - 0x00007ffcb6ae8000 	C:\WINDOWS\System32\RPCRT4.dll
0x00007ffcb6cd0000 - 0x00007ffcb6e96000 	C:\WINDOWS\System32\USER32.dll
0x00007ffcb40f0000 - 0x00007ffcb4117000 	C:\WINDOWS\System32\win32u.dll
0x00007ffcb4c20000 - 0x00007ffcb4c4b000 	C:\WINDOWS\System32\GDI32.dll
0x00007ffcb41d0000 - 0x00007ffcb42f9000 	C:\WINDOWS\System32\gdi32full.dll
0x00007ffcb4120000 - 0x00007ffcb41c3000 	C:\WINDOWS\System32\msvcp_win.dll
0x00007ffcb49f0000 - 0x00007ffcb4b3c000 	C:\WINDOWS\System32\ucrtbase.dll
0x00007ffc95a80000 - 0x00007ffc95d11000 	C:\WINDOWS\WinSxS\amd64_microsoft.windows.common-controls_6595b64144ccf1df_6.0.26100.8972_none_3e0da176e32f9d4b\COMCTL32.dll
0x00007ffcb6af0000 - 0x00007ffcb6b22000 	C:\WINDOWS\System32\IMM32.DLL
0x0000000075530000 - 0x0000000075602000 	C:\Program Files\Java\jdk1.8.0_202\jre\bin\msvcr100.dll
0x0000000075610000 - 0x0000000075eb5000 	C:\Program Files\Java\jdk1.8.0_202\jre\bin\server\jvm.dll
0x00007ffcb4c10000 - 0x00007ffcb4c18000 	C:\WINDOWS\System32\PSAPI.DLL
0x00007ffc96ff0000 - 0x00007ffc96ffa000 	C:\WINDOWS\SYSTEM32\WSOCK32.dll
0x00007ffc96850000 - 0x00007ffc96886000 	C:\WINDOWS\SYSTEM32\WINMM.dll
0x00007ffcb5740000 - 0x00007ffcb57c2000 	C:\WINDOWS\System32\WS2_32.dll
0x00007ffca8ea0000 - 0x00007ffca8eab000 	C:\WINDOWS\SYSTEM32\VERSION.dll
0x00007ffcad8c0000 - 0x00007ffcad8cf000 	C:\Program Files\Java\jdk1.8.0_202\jre\bin\verify.dll
0x00007ffc8c5c0000 - 0x00007ffc8c5e9000 	C:\Program Files\Java\jdk1.8.0_202\jre\bin\java.dll
0x00007ffc8cb60000 - 0x00007ffc8cb76000 	C:\Program Files\Java\jdk1.8.0_202\jre\bin\zip.dll
0x00007ffcb4fb0000 - 0x00007ffcb5738000 	C:\WINDOWS\System32\SHELL32.dll
0x00007ffcb1b60000 - 0x00007ffcb23fb000 	C:\WINDOWS\SYSTEM32\windows.storage.dll
0x00007ffcb5940000 - 0x00007ffcb5cc5000 	C:\WINDOWS\System32\combase.dll
0x00007ffcb5840000 - 0x00007ffcb5939000 	C:\WINDOWS\System32\SHCORE.dll
0x00007ffcb57d0000 - 0x00007ffcb5836000 	C:\WINDOWS\System32\shlwapi.dll
0x00007ffcb4010000 - 0x00007ffcb4039000 	C:\WINDOWS\SYSTEM32\profapi.dll
0x00007ffc8c5a0000 - 0x00007ffc8c5ba000 	C:\Program Files\Java\jdk1.8.0_202\jre\bin\net.dll
0x00007ffc9afb0000 - 0x00007ffc9b18d000 	C:\WINDOWS\SYSTEM32\urlmon.dll
0x00007ffc9ace0000 - 0x00007ffc9afa4000 	C:\WINDOWS\SYSTEM32\iertutil.dll
0x00007ffca2c60000 - 0x00007ffca2c89000 	C:\WINDOWS\SYSTEM32\srvcli.dll
0x00007ffcb26f0000 - 0x00007ffcb26fd000 	C:\WINDOWS\SYSTEM32\netutils.dll
0x00007ffcb3330000 - 0x00007ffcb339c000 	C:\WINDOWS\system32\mswsock.dll
0x00007ffcb27a0000 - 0x00007ffcb27d3000 	C:\WINDOWS\SYSTEM32\IPHLPAPI.DLL
0x00007ffcb5cd0000 - 0x00007ffcb5cda000 	C:\WINDOWS\System32\NSI.dll
0x00007ffcaa1e0000 - 0x00007ffcaa1fd000 	C:\WINDOWS\SYSTEM32\dhcpcsvc6.DLL
0x00007ffcaa1b0000 - 0x00007ffcaa1d5000 	C:\WINDOWS\SYSTEM32\dhcpcsvc.DLL
0x00007ffcb2840000 - 0x00007ffcb2998000 	C:\WINDOWS\SYSTEM32\DNSAPI.dll
0x00007ffcb3150000 - 0x00007ffcb315d000 	C:\WINDOWS\SYSTEM32\DSPARSE.dll
0x00007ffca8e90000 - 0x00007ffca8e9b000 	C:\Windows\System32\rasadhlp.dll
0x00007ffcaa930000 - 0x00007ffcaa9b6000 	C:\WINDOWS\System32\fwpuclnt.dll
0x00007ffcad8b0000 - 0x00007ffcad8bd000 	C:\Program Files\Java\jdk1.8.0_202\jre\bin\management.dll
0x00007ffc8c980000 - 0x00007ffc8c998000 	C:\WINDOWS\system32\napinsp.dll
0x00007ffc8c580000 - 0x00007ffc8c593000 	C:\WINDOWS\System32\winrnr.dll
0x00007ffc8c010000 - 0x00007ffc8c032000 	C:\WINDOWS\system32\nlansp_c.dll
0x00007ffc8c100000 - 0x00007ffc8c116000 	C:\WINDOWS\system32\wshbth.dll
0x00007ffc453c0000 - 0x00007ffc453d2000 	C:\Program Files\Java\jdk1.8.0_202\jre\bin\nio.dll
0x00007ffcb3750000 - 0x00007ffcb376b000 	C:\WINDOWS\SYSTEM32\CRYPTSP.dll
0x00007ffcb2d00000 - 0x00007ffcb2d39000 	C:\WINDOWS\system32\rsaenh.dll
0x00007ffcb33e0000 - 0x00007ffcb3412000 	C:\WINDOWS\SYSTEM32\USERENV.dll
0x00007ffcb3fe0000 - 0x00007ffcb400a000 	C:\WINDOWS\SYSTEM32\bcrypt.dll
0x00007ffcb4710000 - 0x00007ffcb47bc000 	C:\WINDOWS\System32\bcryptprimitives.dll
0x00007ffcb3590000 - 0x00007ffcb359c000 	C:\WINDOWS\SYSTEM32\CRYPTBASE.dll

VM Arguments:
jvm_args: -Xmx256m -XX:MaxMetaspaceSize=128m 
java_command: com.hospital.report.ReportServiceApplication
java_class_path (initial): D:\Masum\MduhijodBranch\CloneProjectsHMIS_160426\CloneProjectsHMIS\Backend\Hospital-Management-System-Backend\Report-Service\target\classes;C:\Users\admin\.m2\repository\org\springframework\boot\spring-boot-starter-web\2.3.12.RELEASE\spring-boot-starter-web-2.3.12.RELEASE.jar;C:\Users\admin\.m2\repository\org\springframework\boot\spring-boot-starter\2.3.12.RELEASE\spring-boot-starter-2.3.12.RELEASE.jar;C:\Users\admin\.m2\repository\org\springframework\boot\spring-boot\2.3.12.RELEASE\spring-boot-2.3.12.RELEASE.jar;C:\Users\admin\.m2\repository\org\springframework\boot\spring-boot-autoconfigure\2.3.12.RELEASE\spring-boot-autoconfigure-2.3.12.RELEASE.jar;C:\Users\admin\.m2\repository\org\springframework\boot\spring-boot-starter-logging\2.3.12.RELEASE\spring-boot-starter-logging-2.3.12.RELEASE.jar;C:\Users\admin\.m2\repository\ch\qos\logback\logback-classic\1.2.3\logback-classic-1.2.3.jar;C:\Users\admin\.m2\repository\ch\qos\logback\logback-core\1.2.3\logback-core-1.2.3.jar;C:\Users\admin\.m2\repository\org\apache\logging\log4j\log4j-to-slf4j\2.13.3\log4j-to-slf4j-2.13.3.jar;C:\Users\admin\.m2\repository\org\apache\logging\log4j\log4j-api\2.13.3\log4j-api-2.13.3.jar;C:\Users\admin\.m2\repository\org\slf4j\jul-to-slf4j\1.7.30\jul-to-slf4j-1.7.30.jar;C:\Users\admin\.m2\repository\jakarta\annotation\jakarta.annotation-api\1.3.5\jakarta.annotation-api-1.3.5.jar;C:\Users\admin\.m2\repository\org\yaml\snakeyaml\1.26\snakeyaml-1.26.jar;C:\Users\admin\.m2\repository\org\springframework\boot\spring-boot-starter-json\2.3.12.RELEASE\spring-boot-starter-json-2.3.12.RELEASE.jar;C:\Users\admin\.m2\repository\com\fasterxml\jackson\core\jackson-databind\2.11.4\jackson-databind-2.11.4.jar;C:\Users\admin\.m2\repository\com\fasterxml\jackson\datatype\jackson-datatype-jdk8\2.11.4\jackson-datatype-jdk8-2.11.4.jar;C:\Users\admin\.m2\repository\com\fasterxml\jackson\datatype\jackson-datatype-jsr310\2.11.4\jackson-datatype-jsr310-2.11.4.jar;C:\Users\admin\.m2\repos
Launcher Type: SUN_STANDARD

Environment Variables:
JAVA_HOME=C:\Program Files\Java\jdk1.8.0_202
PATH=C:\Program Files\Eclipse Adoptium\jdk-17.0.19.10-hotspot\bin;C:\Program Files (x86)\Common Files\Oracle\Java\javapath;C:\WINDOWS\system32;C:\WINDOWS;C:\WINDOWS\System32\Wbem;C:\WINDOWS\System32\WindowsPowerShell\v1.0\;C:\WINDOWS\System32\OpenSSH\;C:\xampp\php;C:\ProgramData\ComposerSetup\bin;C:\Program Files\dotnet\;C:\Program Files\MySQL\MySQL Server 8.0\bin;C:\Program Files\nodejs\;C:\Program Files\Git\cmd;C:\Program Files\Docker\Docker\resources\bin;C:\Program Files\MySQL\MySQL Shell 8.0\bin\;C:\laragon\bin;C:\laragon\bin\apache\httpd-2.4.35-win64-VC15\bin;C:\laragon\bin\composer;C:\laragon\bin\laragon\utils;C:\laragon\bin\mysql\mysql-5.7.24-winx64\bin;C:\laragon\bin\nodejs\node-v14;C:\laragon\bin\notepad++;C:\laragon\bin\php\php-7.3.20-Win32-VC15-x64;C:\laragon\bin\redis\redis-x64-3.2.100;C:\Users\admin\AppData\Local\Yarn\config\global\node_modules\.bin;C:\Users\admin\AppData\Roaming\Composer\vendor\bin;C:\Users\admin\AppData\Roaming\npm;C:\Users\admin\AppData\Local\Microsoft\WindowsApps;C:\Users\admin\AppData\Local\Programs\Microsoft VS Code\bin;;C:\Program Files\JetBrains\IntelliJ IDEA Community Edition 2023.1.2\bin;;C:\Users\admin\AppData\Local\Microsoft\WindowsApps;C:\Users\admin\AppData\Local\Microsoft\WinGet\Packages\EclipseFoundation.Eclipse.JEE_Microsoft.Winget.Source_8wekyb3d8bbwe\eclipse;
USERNAME=admin
OS=Windows_NT
PROCESSOR_IDENTIFIER=Intel64 Family 6 Model 158 Stepping 13, GenuineIntel



---------------  S Y S T E M  ---------------

OS: Windows 10.0 , 64 bit Build 26100 (10.0.26100.9168)

CPU:total 12 (initial active 12) (6 cores per cpu, 2 threads per core) family 6 model 158 stepping 13, cmov, cx8, fxsr, mmx, sse, sse2, sse3, ssse3, sse4.1, sse4.2, popcnt, avx, avx2, aes, clmul, erms, 3dnowpref, lzcnt, ht, tsc, tscinvbit, bmi1, bmi2, adx

Memory: 4k page, physical 16553888k(1937776k free), swap 24131100k(33840k free)

vm_info: Java HotSpot(TM) 64-Bit Server VM (25.202-b08) for windows-amd64 JRE (1.8.0_202-b08), built on Dec 15 2018 19:54:30 by "java_re" with MS VC++ 10.0 (VS2010)

time: Fri Aug 14 02:34:49 2026
timezone: India Standard Time
elapsed time: 6 seconds (0d 0h 0m 6s)

