#
# There is insufficient memory for the Java Runtime Environment to continue.
# Native memory allocation (malloc) failed to allocate 131088 bytes for Chunk::new
# Possible reasons:
#   The system is out of physical RAM or swap space
#   The process is running with CompressedOops enabled, and the Java Heap may be blocking the growth of the native heap
# Possible solutions:
#   Reduce memory load on the system
#   Increase physical memory or swap space
#   Check if swap backing store is full
#   Decrease Java heap size (-Xmx/-Xms)
#   Decrease number of Java threads
#   Decrease Java thread stack sizes (-Xss)
#   Set larger code cache with -XX:ReservedCodeCacheSize=
#   JVM is running with Zero Based Compressed Oops mode in which the Java heap is
#     placed in the first 32GB address space. The Java Heap base address is the
#     maximum limit for the native heap growth. Please use -XX:HeapBaseMinAddress
#     to set the Java Heap base and to place the Java Heap above 32GB virtual address.
# This output file may be truncated or incomplete.
#
#  Out of Memory Error (allocation.cpp:389), pid=5020, tid=0x000000000000616c
#
# JRE version: Java(TM) SE Runtime Environment (8.0_202-b08) (build 1.8.0_202-b08)
# Java VM: Java HotSpot(TM) 64-Bit Server VM (25.202-b08 mixed mode windows-amd64 compressed oops)
# Failed to write core dump. Minidumps are not enabled by default on client versions of Windows
#

---------------  T H R E A D  ---------------

Current thread (0x000000001eb91000):  JavaThread "C2 CompilerThread1" daemon [_thread_in_native, id=24940, stack(0x000000001fde0000,0x000000001fee0000)]

Stack: [0x000000001fde0000,0x000000001fee0000]
[error occurred during error reporting (printing stack bounds), id 0xc0000005]

Native frames: (J=compiled Java code, j=interpreted, Vv=VM code, C=native code)


Current CompileTask:
C2:  13934 3636       4       org.springframework.core.annotation.AnnotationTypeMappings::forAnnotationType (71 bytes)


---------------  P R O C E S S  ---------------

Java Threads: ( => current thread )
  0x000000001ec22800 JavaThread "Service Thread" daemon [_thread_blocked, id=16236, stack(0x00000000200e0000,0x00000000201e0000)]
  0x000000001eba1000 JavaThread "C1 CompilerThread3" daemon [_thread_blocked, id=33168, stack(0x000000001ffe0000,0x00000000200e0000)]
  0x000000001eb94000 JavaThread "C2 CompilerThread2" daemon [_thread_in_native, id=33960, stack(0x000000001fee0000,0x000000001ffe0000)]
=>0x000000001eb91000 JavaThread "C2 CompilerThread1" daemon [_thread_in_native, id=24940, stack(0x000000001fde0000,0x000000001fee0000)]
  0x000000001eb8e800 JavaThread "C2 CompilerThread0" daemon [_thread_in_native, id=35532, stack(0x000000001fce0000,0x000000001fde0000)]
  0x000000001eb8d000 JavaThread "Attach Listener" daemon [_thread_blocked, id=33500, stack(0x000000001fbe0000,0x000000001fce0000)]
  0x000000001eb9e000 JavaThread "Signal Dispatcher" daemon [_thread_blocked, id=22300, stack(0x000000001fae0000,0x000000001fbe0000)]
  0x000000001cd94000 JavaThread "Finalizer" daemon [_thread_blocked, id=16748, stack(0x000000001f060000,0x000000001f160000)]
  0x000000001eb80800 JavaThread "Reference Handler" daemon [_thread_blocked, id=34988, stack(0x000000001ef60000,0x000000001f060000)]
  0x0000000003409800 JavaThread "main" [_thread_in_native, id=17352, stack(0x00000000032a0000,0x00000000033a0000)]

Other Threads:
  0x000000001cd85800 VMThread [stack: 0x000000001ea60000,0x000000001eb60000] [id=33508]
  0x000000001ec5c800 WatcherThread [stack: 0x00000000201e0000,0x00000000202e0000] [id=6724]

VM state:not at safepoint (normal execution)

VM Mutex/Monitor currently owned by a thread: None

heap address: 0x00000006c4400000, size: 4028 MB, Compressed Oops mode: Zero based, Oop shift amount: 3
Narrow klass base: 0x0000000000000000, Narrow klass shift: 3
Compressed class space size: 1073741824 Address: 0x00000007c0000000

Heap:
 PSYoungGen      total 114176K, used 11355K [0x000000076c180000, 0x0000000773c80000, 0x00000007c0000000)
  eden space 103936K, 10% used [0x000000076c180000,0x000000076cc96d38,0x0000000772700000)
  from space 10240K, 0% used [0x0000000772700000,0x0000000772700000,0x0000000773100000)
  to   space 8704K, 0% used [0x0000000773100000,0x0000000773100000,0x0000000773980000)
 ParOldGen       total 135680K, used 15070K [0x00000006c4400000, 0x00000006cc880000, 0x000000076c180000)
  object space 135680K, 11% used [0x00000006c4400000,0x00000006c52b7bd8,0x00000006cc880000)
 Metaspace       used 34563K, capacity 36396K, committed 36520K, reserved 1081344K
  class space    used 4578K, capacity 4929K, committed 5040K, reserved 1048576K

Card table byte_map: [0x00000000128c0000,0x00000000130a0000] byte_map_base: 0x000000000f29e000

Marking Bits: (ParMarkBitMap*) 0x0000000075e15ce0
 Begin Bits: [0x0000000013de0000, 0x0000000017cd0000)
 End Bits:   [0x0000000017cd0000, 0x000000001bbc0000)

Polling page: 0x0000000003230000

CodeCache: size=245760Kb used=12202Kb max_used=12202Kb free=233557Kb
 bounds [0x0000000003500000, 0x0000000004100000, 0x0000000012500000]
 total_blobs=3800 nmethods=3391 adapters=321
 compilation: enabled

Compilation events (10 events):
Event: 10.888 Thread 0x000000001eba1000 3643       3       java.lang.invoke.InnerClassLambdaMetafactory::generateFactory (136 bytes)
Event: 10.890 Thread 0x000000001eba1000 nmethod 3643 0x00000000040ee290 code [0x00000000040ee640, 0x00000000040f0428]
Event: 10.894 Thread 0x000000001eba1000 3645       3       jdk.internal.org.objectweb.asm.Type::getArgumentsAndReturnSizes (151 bytes)
Event: 10.895 Thread 0x000000001eba1000 nmethod 3645 0x00000000040f1a50 code [0x00000000040f1c80, 0x00000000040f2a18]
Event: 10.895 Thread 0x000000001eba1000 3646       3       java.lang.invoke.LambdaForm$Name::<init> (194 bytes)
Event: 10.895 Thread 0x000000001eba1000 nmethod 3646 0x00000000040f2f50 code [0x00000000040f3140, 0x00000000040f3a58]
Event: 10.895 Thread 0x000000001eba1000 3647       3       java.lang.invoke.LambdaForm$NamedFunction::returnType (11 bytes)
Event: 10.895 Thread 0x000000001eba1000 nmethod 3647 0x00000000040e9010 code [0x00000000040e91c0, 0x00000000040e9878]
Event: 10.907 Thread 0x000000001eba1000 3651       3       java.lang.invoke.LambdaFormEditor$Transform::<init> (17 bytes)
Event: 10.908 Thread 0x000000001eba1000 nmethod 3651 0x00000000040f3f90 code [0x00000000040f4100, 0x00000000040f4470]

GC Heap History (10 events):
Event: 6.992 GC heap before
{Heap before GC invocations=5 (full 1):
 PSYoungGen      total 75264K, used 64512K [0x000000076c180000, 0x0000000771580000, 0x00000007c0000000)
  eden space 64512K, 100% used [0x000000076c180000,0x0000000770080000,0x0000000770080000)
  from space 10752K, 0% used [0x0000000770080000,0x0000000770080000,0x0000000770b00000)
  to   space 10752K, 0% used [0x0000000770b00000,0x0000000770b00000,0x0000000771580000)
 ParOldGen       total 92160K, used 7614K [0x00000006c4400000, 0x00000006c9e00000, 0x000000076c180000)
  object space 92160K, 8% used [0x00000006c4400000,0x00000006c4b6f820,0x00000006c9e00000)
 Metaspace       used 24775K, capacity 25816K, committed 26032K, reserved 1071104K
  class space    used 3243K, capacity 3471K, committed 3504K, reserved 1048576K
Event: 6.995 GC heap after
Heap after GC invocations=5 (full 1):
 PSYoungGen      total 75264K, used 7761K [0x000000076c180000, 0x0000000773e00000, 0x00000007c0000000)
  eden space 64512K, 0% used [0x000000076c180000,0x000000076c180000,0x0000000770080000)
  from space 10752K, 72% used [0x0000000770b00000,0x0000000771294418,0x0000000771580000)
  to   space 10752K, 0% used [0x0000000770080000,0x0000000770080000,0x0000000770b00000)
 ParOldGen       total 92160K, used 7622K [0x00000006c4400000, 0x00000006c9e00000, 0x000000076c180000)
  object space 92160K, 8% used [0x00000006c4400000,0x00000006c4b71820,0x00000006c9e00000)
 Metaspace       used 24775K, capacity 25816K, committed 26032K, reserved 1071104K
  class space    used 3243K, capacity 3471K, committed 3504K, reserved 1048576K
}
Event: 7.459 GC heap before
{Heap before GC invocations=6 (full 1):
 PSYoungGen      total 75264K, used 72273K [0x000000076c180000, 0x0000000773e00000, 0x00000007c0000000)
  eden space 64512K, 100% used [0x000000076c180000,0x0000000770080000,0x0000000770080000)
  from space 10752K, 72% used [0x0000000770b00000,0x0000000771294418,0x0000000771580000)
  to   space 10752K, 0% used [0x0000000770080000,0x0000000770080000,0x0000000770b00000)
 ParOldGen       total 92160K, used 7622K [0x00000006c4400000, 0x00000006c9e00000, 0x000000076c180000)
  object space 92160K, 8% used [0x00000006c4400000,0x00000006c4b71820,0x00000006c9e00000)
 Metaspace       used 27309K, capacity 28490K, committed 28720K, reserved 1075200K
  class space    used 3558K, capacity 3836K, committed 3888K, reserved 1048576K
Event: 7.462 GC heap after
Heap after GC invocations=6 (full 1):
 PSYoungGen      total 75264K, used 8255K [0x000000076c180000, 0x0000000773980000, 0x00000007c0000000)
  eden space 64512K, 0% used [0x000000076c180000,0x000000076c180000,0x0000000770080000)
  from space 10752K, 76% used [0x0000000770080000,0x000000077088ff40,0x0000000770b00000)
  to   space 8704K, 0% used [0x0000000773100000,0x0000000773100000,0x0000000773980000)
 ParOldGen       total 92160K, used 7630K [0x00000006c4400000, 0x00000006c9e00000, 0x000000076c180000)
  object space 92160K, 8% used [0x00000006c4400000,0x00000006c4b73820,0x00000006c9e00000)
 Metaspace       used 27309K, capacity 28490K, committed 28720K, reserved 1075200K
  class space    used 3558K, capacity 3836K, committed 3888K, reserved 1048576K
}
Event: 8.395 GC heap before
{Heap before GC invocations=7 (full 1):
 PSYoungGen      total 75264K, used 72767K [0x000000076c180000, 0x0000000773980000, 0x00000007c0000000)
  eden space 64512K, 100% used [0x000000076c180000,0x0000000770080000,0x0000000770080000)
  from space 10752K, 76% used [0x0000000770080000,0x000000077088ff40,0x0000000770b00000)
  to   space 8704K, 0% used [0x0000000773100000,0x0000000773100000,0x0000000773980000)
 ParOldGen       total 92160K, used 7630K [0x00000006c4400000, 0x00000006c9e00000, 0x000000076c180000)
  object space 92160K, 8% used [0x00000006c4400000,0x00000006c4b73820,0x00000006c9e00000)
 Metaspace       used 31587K, capacity 33274K, committed 33456K, reserved 1079296K
  class space    used 4203K, capacity 4498K, committed 4528K, reserved 1048576K
Event: 8.403 GC heap after
Heap after GC invocations=7 (full 1):
 PSYoungGen      total 112640K, used 8685K [0x000000076c180000, 0x0000000773c80000, 0x00000007c0000000)
  eden space 103936K, 0% used [0x000000076c180000,0x000000076c180000,0x0000000772700000)
  from space 8704K, 99% used [0x0000000773100000,0x000000077397b6b0,0x0000000773980000)
  to   space 10240K, 0% used [0x0000000772700000,0x0000000772700000,0x0000000773100000)
 ParOldGen       total 92160K, used 9721K [0x00000006c4400000, 0x00000006c9e00000, 0x000000076c180000)
  object space 92160K, 10% used [0x00000006c4400000,0x00000006c4d7e6f8,0x00000006c9e00000)
 Metaspace       used 31587K, capacity 33274K, committed 33456K, reserved 1079296K
  class space    used 4203K, capacity 4498K, committed 4528K, reserved 1048576K
}
Event: 8.729 GC heap before
{Heap before GC invocations=8 (full 1):
 PSYoungGen      total 112640K, used 40329K [0x000000076c180000, 0x0000000773c80000, 0x00000007c0000000)
  eden space 103936K, 30% used [0x000000076c180000,0x000000076e067068,0x0000000772700000)
  from space 8704K, 99% used [0x0000000773100000,0x000000077397b6b0,0x0000000773980000)
  to   space 10240K, 0% used [0x0000000772700000,0x0000000772700000,0x0000000773100000)
 ParOldGen       total 92160K, used 9721K [0x00000006c4400000, 0x00000006c9e00000, 0x000000076c180000)
  object space 92160K, 10% used [0x00000006c4400000,0x00000006c4d7e6f8,0x00000006c9e00000)
 Metaspace       used 33727K, capacity 35390K, committed 35496K, reserved 1079296K
  class space    used 4416K, capacity 4730K, committed 4784K, reserved 1048576K
Event: 10.748 GC heap after
Heap after GC invocations=8 (full 1):
 PSYoungGen      total 114176K, used 10217K [0x000000076c180000, 0x0000000773c80000, 0x00000007c0000000)
  eden space 103936K, 0% used [0x000000076c180000,0x000000076c180000,0x0000000772700000)
  from space 10240K, 99% used [0x0000000772700000,0x00000007730fa4c0,0x0000000773100000)
  to   space 8704K, 0% used [0x0000000773100000,0x0000000773100000,0x0000000773980000)
 ParOldGen       total 92160K, used 9749K [0x00000006c4400000, 0x00000006c9e00000, 0x000000076c180000)
  object space 92160K, 10% used [0x00000006c4400000,0x00000006c4d85638,0x00000006c9e00000)
 Metaspace       used 33727K, capacity 35390K, committed 35496K, reserved 1079296K
  class space    used 4416K, capacity 4730K, committed 4784K, reserved 1048576K
}
Event: 10.748 GC heap before
{Heap before GC invocations=9 (full 2):
 PSYoungGen      total 114176K, used 10217K [0x000000076c180000, 0x0000000773c80000, 0x00000007c0000000)
  eden space 103936K, 0% used [0x000000076c180000,0x000000076c180000,0x0000000772700000)
  from space 10240K, 99% used [0x0000000772700000,0x00000007730fa4c0,0x0000000773100000)
  to   space 8704K, 0% used [0x0000000773100000,0x0000000773100000,0x0000000773980000)
 ParOldGen       total 92160K, used 9749K [0x00000006c4400000, 0x00000006c9e00000, 0x000000076c180000)
  object space 92160K, 10% used [0x00000006c4400000,0x00000006c4d85638,0x00000006c9e00000)
 Metaspace       used 33727K, capacity 35390K, committed 35496K, reserved 1079296K
  class space    used 4416K, capacity 4730K, committed 4784K, reserved 1048576K
Event: 10.794 GC heap after
Heap after GC invocations=9 (full 2):
 PSYoungGen      total 114176K, used 0K [0x000000076c180000, 0x0000000773c80000, 0x00000007c0000000)
  eden space 103936K, 0% used [0x000000076c180000,0x000000076c180000,0x0000000772700000)
  from space 10240K, 0% used [0x0000000772700000,0x0000000772700000,0x0000000773100000)
  to   space 8704K, 0% used [0x0000000773100000,0x0000000773100000,0x0000000773980000)
 ParOldGen       total 135680K, used 15070K [0x00000006c4400000, 0x00000006cc880000, 0x000000076c180000)
  object space 135680K, 11% used [0x00000006c4400000,0x00000006c52b7bd8,0x00000006cc880000)
 Metaspace       used 33727K, capacity 35390K, committed 35496K, reserved 1079296K
  class space    used 4416K, capacity 4730K, committed 4784K, reserved 1048576K
}

Deoptimization events (10 events):
Event: 8.587 Thread 0x0000000003409800 Uncommon trap: reason=class_check action=maybe_recompile pc=0x0000000003a81070 method=java.util.zip.InflaterInputStream.read([BII)I @ 100
Event: 8.587 Thread 0x0000000003409800 Uncommon trap: reason=class_check action=maybe_recompile pc=0x0000000003a81070 method=java.util.zip.InflaterInputStream.read([BII)I @ 100
Event: 8.589 Thread 0x0000000003409800 Uncommon trap: reason=class_check action=maybe_recompile pc=0x0000000003a81070 method=java.util.zip.InflaterInputStream.read([BII)I @ 100
Event: 8.589 Thread 0x0000000003409800 Uncommon trap: reason=class_check action=maybe_recompile pc=0x0000000003a81070 method=java.util.zip.InflaterInputStream.read([BII)I @ 100
Event: 8.637 Thread 0x0000000003409800 Uncommon trap: reason=unstable_if action=reinterpret pc=0x0000000003d8f2d8 method=java.util.jar.Attributes$Name.isAlpha(C)Z @ 21
Event: 8.675 Thread 0x0000000003409800 Uncommon trap: reason=unstable_if action=reinterpret pc=0x00000000040a4ebc method=java.lang.StringCoding$StringDecoder.decode([BII)[C @ 20
Event: 8.691 Thread 0x0000000003409800 Uncommon trap: reason=unstable_if action=reinterpret pc=0x000000000408b168 method=java.lang.StringCoding$StringDecoder.decode([BII)[C @ 20
Event: 8.696 Thread 0x0000000003409800 Uncommon trap: reason=unstable_if action=reinterpret pc=0x000000000408e588 method=java.lang.StringCoding.decode(Ljava/lang/String;[BII)[C @ 38
Event: 8.721 Thread 0x0000000003409800 Uncommon trap: reason=unstable_if action=reinterpret pc=0x00000000039555f4 method=java.lang.String.lastIndexOf([CII[CIII)I @ 118
Event: 10.885 Thread 0x0000000003409800 Uncommon trap: reason=unstable_if action=reinterpret pc=0x0000000003ac666c method=jdk.internal.org.objectweb.asm.Type.getArgumentsAndReturnSizes(Ljava/lang/String;)I @ 41

Classes redefined (0 events):
No events

Internal exceptions (10 events):
Event: 8.037 Thread 0x0000000003409800 Exception <a 'java/lang/NoSuchMethodError': java.lang.Object.lambda$and$0(Ljava/util/function/Predicate;Ljava/lang/Object;)Z> (0x000000076fb6a658) thrown at [C:\re\workspace\8-2-build-windows-amd64-cygwin\jdk8u202\12323\hotspot\src\share\vm\interpreter\li
Event: 8.585 Thread 0x0000000003409800 Implicit null exception at 0x0000000003fdfb58 to 0x0000000003fe2509
Event: 8.710 Thread 0x0000000003409800 Exception <a 'java/io/FileNotFoundException'> (0x000000076df5a078) thrown at [C:\re\workspace\8-2-build-windows-amd64-cygwin\jdk8u202\12323\hotspot\src\share\vm\prims\jni.cpp, line 710]
Event: 10.809 Thread 0x0000000003409800 Exception <a 'java/lang/NoSuchMethodError': java.lang.Object.lambda$static$0(Lio/micrometer/core/instrument/Timer$Builder;)V> (0x000000076c28ca50) thrown at [C:\re\workspace\8-2-build-windows-amd64-cygwin\jdk8u202\12323\hotspot\src\share\vm\interpreter\li
Event: 10.821 Thread 0x0000000003409800 Exception <a 'java/lang/NoSuchMethodError': java.lang.Object.lambda$static$0(Ljava/lang/String;)Ljava/lang/String;> (0x000000076c3388e8) thrown at [C:\re\workspace\8-2-build-windows-amd64-cygwin\jdk8u202\12323\hotspot\src\share\vm\interpreter\linkResolver
Event: 10.834 Thread 0x0000000003409800 Exception <a 'java/lang/NoSuchMethodError': java.lang.Object.lambda$static$0(Ljava/lang/String;Lio/micrometer/core/instrument/Meter$Type;Ljava/lang/String;)Ljava/lang/String;> (0x000000076c5f1830) thrown at [C:\re\workspace\8-2-build-windows-amd64-cygwin\
Event: 10.837 Thread 0x0000000003409800 Exception <a 'java/lang/IncompatibleClassChangeError': Found class java.lang.Object, but interface was expected> (0x000000076c613ed0) thrown at [C:\re\workspace\8-2-build-windows-amd64-cygwin\jdk8u202\12323\hotspot\src\share\vm\interpreter\linkResolver.cp
Event: 10.838 Thread 0x0000000003409800 Exception <a 'java/lang/IncompatibleClassChangeError': Found class java.lang.Object, but interface was expected> (0x000000076c6278c0) thrown at [C:\re\workspace\8-2-build-windows-amd64-cygwin\jdk8u202\12323\hotspot\src\share\vm\interpreter\linkResolver.cp
Event: 10.844 Thread 0x0000000003409800 Exception <a 'java/lang/IncompatibleClassChangeError': Found class java.lang.Object, but interface was expected> (0x000000076c66b278) thrown at [C:\re\workspace\8-2-build-windows-amd64-cygwin\jdk8u202\12323\hotspot\src\share\vm\interpreter\linkResolver.cp
Event: 10.845 Thread 0x0000000003409800 Exception <a 'java/lang/NoSuchMethodError': java.lang.Object.lambda$failures$0(Lio/micrometer/core/instrument/config/validate/Validated;)Lio/micrometer/core/instrument/config/validate/Validated$Invalid;> (0x000000076c678b98) thrown at [C:\re\workspace\8-2

Events (10 events):
Event: 10.918 loading class com/netflix/config/ConfigurationBasedDeploymentContext
Event: 10.918 loading class com/netflix/config/ConfigurationBasedDeploymentContext done
Event: 10.919 loading class com/netflix/config/SimpleDeploymentContext
Event: 10.919 loading class com/netflix/config/SimpleDeploymentContext done
Event: 10.920 loading class com/netflix/config/ConfigurationBasedDeploymentContext$1
Event: 10.920 loading class com/netflix/config/ConfigurationBasedDeploymentContext$1 done
Event: 10.921 loading class org/apache/commons/lang/text/StrLookup
Event: 10.921 loading class org/apache/commons/lang/text/StrLookup done
Event: 12.919 loading class org/apache/commons/configuration/AbstractConfiguration$1
Event: 12.919 loading class org/apache/commons/configuration/AbstractConfiguration$1 done


Dynamic libraries:
0x00007ff70fc60000 - 0x00007ff70fc97000 	C:\Program Files\Java\jdk1.8.0_202\bin\java.exe
0x00007fff5f940000 - 0x00007fff5fba7000 	C:\WINDOWS\SYSTEM32\ntdll.dll
0x00007fff5f1d0000 - 0x00007fff5f299000 	C:\WINDOWS\System32\KERNEL32.DLL
0x00007fff5cbb0000 - 0x00007fff5cfa4000 	C:\WINDOWS\System32\KERNELBASE.dll
0x00007fff5ec40000 - 0x00007fff5ecf6000 	C:\WINDOWS\System32\ADVAPI32.dll
0x00007fff5dc20000 - 0x00007fff5dcc9000 	C:\WINDOWS\System32\msvcrt.dll
0x00007fff5eed0000 - 0x00007fff5ef77000 	C:\WINDOWS\System32\sechost.dll
0x00007fff5f480000 - 0x00007fff5f598000 	C:\WINDOWS\System32\RPCRT4.dll
0x00007fff5f2a0000 - 0x00007fff5f465000 	C:\WINDOWS\System32\USER32.dll
0x00007fff5d6a0000 - 0x00007fff5d6c7000 	C:\WINDOWS\System32\win32u.dll
0x00007fff5f8d0000 - 0x00007fff5f8fb000 	C:\WINDOWS\System32\GDI32.dll
0x00007fff5c210000 - 0x00007fff5c33b000 	C:\WINDOWS\System32\gdi32full.dll
0x00007fff5d540000 - 0x00007fff5d5e3000 	C:\WINDOWS\System32\msvcp_win.dll
0x00007fff5d3f0000 - 0x00007fff5d53b000 	C:\WINDOWS\System32\ucrtbase.dll
0x00007fff3be00000 - 0x00007fff3c093000 	C:\WINDOWS\WinSxS\amd64_microsoft.windows.common-controls_6595b64144ccf1df_6.0.26100.8115_none_3e075c82e3354f9c\COMCTL32.dll
0x00007fff5f5b0000 - 0x00007fff5f5e2000 	C:\WINDOWS\System32\IMM32.DLL
0x00007fff489c0000 - 0x00007fff48bc2000 	C:\WINDOWS\system32\tmumh\20019\AddOn\8.53.0.1128\TmUmEvt64.dll
0x00007fff5f5a0000 - 0x00007fff5f5a8000 	C:\WINDOWS\System32\PSAPI.DLL
0x0000000052d20000 - 0x0000000052e90000 	C:\WINDOWS\system32\tmumh\20019\TmMon\2.8.0.1054\tmmon64.dll
0x0000000075510000 - 0x00000000755e2000 	C:\Program Files\Java\jdk1.8.0_202\jre\bin\msvcr100.dll
0x00000000755f0000 - 0x0000000075e95000 	C:\Program Files\Java\jdk1.8.0_202\jre\bin\server\jvm.dll
0x00007fff32cb0000 - 0x00007fff32cba000 	C:\WINDOWS\SYSTEM32\WSOCK32.dll
0x00007fff5f840000 - 0x00007fff5f8c0000 	C:\WINDOWS\System32\WS2_32.dll
0x00007fff50c60000 - 0x00007fff50c96000 	C:\WINDOWS\SYSTEM32\WINMM.dll
0x00007fff52510000 - 0x00007fff5251b000 	C:\WINDOWS\SYSTEM32\VERSION.dll
0x00007fff56aa0000 - 0x00007fff56aaf000 	C:\Program Files\Java\jdk1.8.0_202\jre\bin\verify.dll
0x00007fff508e0000 - 0x00007fff50909000 	C:\Program Files\Java\jdk1.8.0_202\jre\bin\java.dll
0x00007fff507b0000 - 0x00007fff507c6000 	C:\Program Files\Java\jdk1.8.0_202\jre\bin\zip.dll
0x00007fff5e140000 - 0x00007fff5e8a7000 	C:\WINDOWS\System32\SHELL32.dll
0x00007fff5cfb0000 - 0x00007fff5d11a000 	C:\WINDOWS\System32\wintypes.dll
0x00007fff5e8b0000 - 0x00007fff5ec32000 	C:\WINDOWS\System32\combase.dll
0x000000001f270000 - 0x000000001fad8000 	C:\WINDOWS\System32\windows.storage.dll
0x00007fff5dcd0000 - 0x00007fff5ddc8000 	C:\WINDOWS\System32\SHCORE.dll
0x00007fff5f5f0000 - 0x00007fff5f656000 	C:\WINDOWS\System32\shlwapi.dll
0x00007fff5c130000 - 0x00007fff5c159000 	C:\WINDOWS\SYSTEM32\profapi.dll
0x00007fff4a600000 - 0x00007fff4a61a000 	C:\Program Files\Java\jdk1.8.0_202\jre\bin\net.dll
0x00007fff411b0000 - 0x00007fff4138f000 	C:\WINDOWS\SYSTEM32\urlmon.dll
0x00007fff40e60000 - 0x00007fff41124000 	C:\WINDOWS\SYSTEM32\iertutil.dll
0x00007fff46a60000 - 0x00007fff46a89000 	C:\WINDOWS\SYSTEM32\srvcli.dll
0x00007fff5a890000 - 0x00007fff5a89d000 	C:\WINDOWS\SYSTEM32\netutils.dll
0x00007fff5b4b0000 - 0x00007fff5b51c000 	C:\WINDOWS\system32\mswsock.dll
0x00007fff5a710000 - 0x00007fff5a742000 	C:\WINDOWS\SYSTEM32\IPHLPAPI.DLL
0x00007fff5edd0000 - 0x00007fff5edda000 	C:\WINDOWS\System32\NSI.dll
0x00007fff54650000 - 0x00007fff5466d000 	C:\WINDOWS\SYSTEM32\dhcpcsvc6.DLL
0x00007fff54620000 - 0x00007fff54645000 	C:\WINDOWS\SYSTEM32\dhcpcsvc.DLL
0x00007fff5a750000 - 0x00007fff5a882000 	C:\WINDOWS\SYSTEM32\DNSAPI.dll
0x00007fff541f0000 - 0x00007fff541fb000 	C:\Windows\System32\rasadhlp.dll
0x00007fff54840000 - 0x00007fff548c6000 	C:\WINDOWS\System32\fwpuclnt.dll
0x00007fff539b0000 - 0x00007fff539bd000 	C:\Program Files\Java\jdk1.8.0_202\jre\bin\management.dll
0x00007fff31530000 - 0x00007fff31548000 	C:\WINDOWS\system32\napinsp.dll
0x00007fff30710000 - 0x00007fff30723000 	C:\WINDOWS\System32\winrnr.dll
0x00007fff306e0000 - 0x00007fff30702000 	C:\WINDOWS\system32\nlansp_c.dll
0x00007fff306c0000 - 0x00007fff306d6000 	C:\WINDOWS\system32\wshbth.dll
0x00007fff44130000 - 0x00007fff44142000 	C:\Program Files\Java\jdk1.8.0_202\jre\bin\nio.dll
0x00007fff5b8b0000 - 0x00007fff5b8cb000 	C:\WINDOWS\SYSTEM32\CRYPTSP.dll
0x00007fff5aec0000 - 0x00007fff5aef9000 	C:\WINDOWS\system32\rsaenh.dll
0x00007fff5b560000 - 0x00007fff5b593000 	C:\WINDOWS\SYSTEM32\USERENV.dll
0x00007fff5c100000 - 0x00007fff5c12a000 	C:\WINDOWS\SYSTEM32\bcrypt.dll
0x00007fff5d5f0000 - 0x00007fff5d695000 	C:\WINDOWS\System32\bcryptprimitives.dll
0x00007fff5b710000 - 0x00007fff5b71c000 	C:\WINDOWS\SYSTEM32\CRYPTBASE.dll

VM Arguments:
java_command: com.hospital.report.ReportServiceApplication
java_class_path (initial): D:\MduhijodBranch\CloneProjectsHMIS_160426\CloneProjectsHMIS\Backend\Hospital-Management-System-Backend\Report-Service\target\classes;C:\Users\mduhijod\.m2\repository\org\springframework\boot\spring-boot-starter-web\2.3.12.RELEASE\spring-boot-starter-web-2.3.12.RELEASE.jar;C:\Users\mduhijod\.m2\repository\org\springframework\boot\spring-boot-starter\2.3.12.RELEASE\spring-boot-starter-2.3.12.RELEASE.jar;C:\Users\mduhijod\.m2\repository\org\springframework\boot\spring-boot\2.3.12.RELEASE\spring-boot-2.3.12.RELEASE.jar;C:\Users\mduhijod\.m2\repository\org\springframework\boot\spring-boot-autoconfigure\2.3.12.RELEASE\spring-boot-autoconfigure-2.3.12.RELEASE.jar;C:\Users\mduhijod\.m2\repository\org\springframework\boot\spring-boot-starter-logging\2.3.12.RELEASE\spring-boot-starter-logging-2.3.12.RELEASE.jar;C:\Users\mduhijod\.m2\repository\ch\qos\logback\logback-classic\1.2.3\logback-classic-1.2.3.jar;C:\Users\mduhijod\.m2\repository\ch\qos\logback\logback-core\1.2.3\logback-core-1.2.3.jar;C:\Users\mduhijod\.m2\repository\org\apache\logging\log4j\log4j-to-slf4j\2.13.3\log4j-to-slf4j-2.13.3.jar;C:\Users\mduhijod\.m2\repository\org\apache\logging\log4j\log4j-api\2.13.3\log4j-api-2.13.3.jar;C:\Users\mduhijod\.m2\repository\org\slf4j\jul-to-slf4j\1.7.30\jul-to-slf4j-1.7.30.jar;C:\Users\mduhijod\.m2\repository\jakarta\annotation\jakarta.annotation-api\1.3.5\jakarta.annotation-api-1.3.5.jar;C:\Users\mduhijod\.m2\repository\org\yaml\snakeyaml\1.26\snakeyaml-1.26.jar;C:\Users\mduhijod\.m2\repository\org\springframework\boot\spring-boot-starter-json\2.3.12.RELEASE\spring-boot-starter-json-2.3.12.RELEASE.jar;C:\Users\mduhijod\.m2\repository\com\fasterxml\jackson\core\jackson-databind\2.11.4\jackson-databind-2.11.4.jar;C:\Users\mduhijod\.m2\repository\com\fasterxml\jackson\datatype\jackson-datatype-jdk8\2.11.4\jackson-datatype-jdk8-2.11.4.jar;C:\Users\mduhijod\.m2\repository\com\fasterxml\jackson\datatype\jackson-datatype-jsr310\2.11.4\jackson-datatype-
Launcher Type: SUN_STANDARD

Environment Variables:
JAVA_HOME=C:\Program Files\Java\jdk1.8.0_202
PATH=C:\Program Files (x86)\Common Files\Oracle\Java\javapath;C:\WINDOWS\system32;C:\WINDOWS;C:\WINDOWS\System32\Wbem;C:\WINDOWS\System32\WindowsPowerShell\v1.0\;C:\WINDOWS\System32\OpenSSH\;C:\instantclient_11_2\instantclient_11_2;C:\Program Files\wkhtmltopdf\bin;C:\Program Files\Git\cmd;C:\Program Files\Java\jdk1.8.0_202\bin;C:\Program Files\Java\jdk1.8.0_202\bin\bin;C:\Program Files\PuTTY\;C:\Program Files\MySQL\MySQL Server 8.0\bin;C:\Program Files\Java\jdk-21\bin;;C:\Program Files\Docker\Docker\resources\bin;C:\Program Files\MySQL\MySQL Shell 8.0\bin\;C:\Users\mduhijod\AppData\Local\Microsoft\WindowsApps;C:\Users\mduhijod\AppData\Local\Programs\Microsoft VS Code\bin;C:\Program Files\Java\jdk1.8.0_202\bin\bin;C:\Program Files\Java\jdk-21\bin;C:\Users\mduhijod\AppData\Local\Programs\Antigravity\bin;C:\Users\mduhijod\.dotnet\tools
USERNAME=mduhijod
OS=Windows_NT
PROCESSOR_IDENTIFIER=Intel64 Family 6 Model 154 Stepping 4, GenuineIntel



---------------  S Y S T E M  ---------------

OS: Windows 10.0 , 64 bit Build 26100 (10.0.26100.8246)

CPU:total 8 (initial active 8) (4 cores per cpu, 2 threads per core) family 6 model 154 stepping 4, cmov, cx8, fxsr, mmx, sse, sse2, sse3, ssse3, sse4.1, sse4.2, popcnt, avx, avx2, aes, clmul, erms, 3dnowpref, lzcnt, ht, tsc, tscinvbit, bmi1, bmi2, adx

Memory: 4k page, physical 16495096k(689780k free), swap 52793844k(3972k free)

vm_info: Java HotSpot(TM) 64-Bit Server VM (25.202-b08) for windows-amd64 JRE (1.8.0_202-b08), built on Dec 15 2018 19:54:30 by "java_re" with MS VC++ 10.0 (VS2010)

time: Wed Jun 10 21:54:50 2026
timezone: India Standard Time
elapsed time: 13 seconds (0d 0h 0m 13s)

