#
# There is insufficient memory for the Java Runtime Environment to continue.
# Native memory allocation (malloc) failed to allocate 32744 bytes for ChunkPool::allocate
# Possible reasons:
#   The system is out of physical RAM or swap space
#   The process is running with CompressedOops enabled, and the Java Heap may be blocking the growth of the native heap
# Possible solutions:
#   Reduce memory load on the system
#   Increase physical memory or swap space
#   Check if swap backing store is full
#   Decrease Java heap size (-Xmx/-Xms)
#   Decrease number of Java threads
#   Decrease Java thread stack sizes (-Xss)
#   Set larger code cache with -XX:ReservedCodeCacheSize=
#   JVM is running with Zero Based Compressed Oops mode in which the Java heap is
#     placed in the first 32GB address space. The Java Heap base address is the
#     maximum limit for the native heap growth. Please use -XX:HeapBaseMinAddress
#     to set the Java Heap base and to place the Java Heap above 32GB virtual address.
# This output file may be truncated or incomplete.
#
#  Out of Memory Error (allocation.cpp:272), pid=7232, tid=0x0000000000002518
#
# JRE version: Java(TM) SE Runtime Environment (8.0_202-b08) (build 1.8.0_202-b08)
# Java VM: Java HotSpot(TM) 64-Bit Server VM (25.202-b08 mixed mode windows-amd64 compressed oops)
# Failed to write core dump. Minidumps are not enabled by default on client versions of Windows
#

---------------  T H R E A D  ---------------

Current thread (0x000000001e5a7800):  JavaThread "C1 CompilerThread3" daemon [_thread_in_native, id=9496, stack(0x000000001fef0000,0x000000001fff0000)]

Stack: [0x000000001fef0000,0x000000001fff0000]
[error occurred during error reporting (printing stack bounds), id 0xc0000005]

Native frames: (J=compiled Java code, j=interpreted, Vv=VM code, C=native code)


Current CompileTask:
C1: 116023 7124       1       org.springframework.asm.ClassReader::readCode (5085 bytes)


---------------  P R O C E S S  ---------------

Java Threads: ( => current thread )
  0x00000000268c9800 JavaThread "HikariPool-2 connection adder" daemon [_thread_blocked, id=4508, stack(0x0000000025230000,0x0000000025330000)]
  0x00000000268cc800 JavaThread "HikariPool-2 housekeeper" daemon [_thread_blocked, id=1700, stack(0x0000000024a30000,0x0000000024b30000)]
  0x00000000268cb000 JavaThread "container-0" [_thread_blocked, id=20064, stack(0x0000000024930000,0x0000000024a30000)]
  0x00000000268ca000 JavaThread "Catalina-utility-2" [_thread_blocked, id=19528, stack(0x0000000022260000,0x0000000022360000)]
  0x00000000268c8800 JavaThread "Catalina-utility-1" [_thread_blocked, id=20988, stack(0x0000000001500000,0x0000000001600000)]
  0x00000000268cb800 JavaThread "restartedMain" [_thread_in_vm, id=21344, stack(0x0000000001400000,0x0000000001500000)]
  0x00000000268d4000 JavaThread "Thread-1" [_thread_blocked, id=21456, stack(0x0000000001300000,0x0000000001400000)]
  0x00000000268d1800 JavaThread "DestroyJavaVM" [_thread_blocked, id=20232, stack(0x00000000030f0000,0x00000000031f0000)]
  0x00000000214f0800 JavaThread "mysql-cj-abandoned-connection-cleanup" daemon [_thread_blocked, id=20608, stack(0x0000000024c30000,0x0000000024d30000)]
  0x000000001e610000 JavaThread "Service Thread" daemon [_thread_blocked, id=3156, stack(0x000000001fff0000,0x00000000200f0000)]
=>0x000000001e5a7800 JavaThread "C1 CompilerThread3" daemon [_thread_in_native, id=9496, stack(0x000000001fef0000,0x000000001fff0000)]
  0x000000001e5a6800 JavaThread "C2 CompilerThread2" daemon [_thread_blocked, id=10592, stack(0x000000001fdf0000,0x000000001fef0000)]
  0x000000001e5a2000 JavaThread "C2 CompilerThread1" daemon [_thread_blocked, id=19032, stack(0x000000001fcf0000,0x000000001fdf0000)]
  0x000000001e59e000 JavaThread "C2 CompilerThread0" daemon [_thread_blocked, id=14264, stack(0x000000001fbf0000,0x000000001fcf0000)]
  0x000000001e59c800 JavaThread "Attach Listener" daemon [_thread_blocked, id=20408, stack(0x000000001faf0000,0x000000001fbf0000)]
  0x000000001e59b800 JavaThread "Signal Dispatcher" daemon [_thread_blocked, id=1824, stack(0x000000001f9f0000,0x000000001faf0000)]
  0x000000001ceab800 JavaThread "Finalizer" daemon [_thread_blocked, id=10028, stack(0x000000001f7e0000,0x000000001f8e0000)]
  0x000000001e583000 JavaThread "Reference Handler" daemon [_thread_blocked, id=11108, stack(0x000000001f6e0000,0x000000001f7e0000)]

Other Threads:
  0x000000001e562800 VMThread [stack: 0x000000001f5e0000,0x000000001f6e0000] [id=13652]
  0x000000001e617800 WatcherThread [stack: 0x00000000200f0000,0x00000000201f0000] [id=18636]

VM state:not at safepoint (normal execution)

VM Mutex/Monitor currently owned by a thread: None

heap address: 0x00000006c3600000, size: 4042 MB, Compressed Oops mode: Zero based, Oop shift amount: 3
Narrow klass base: 0x0000000000000000, Narrow klass shift: 3
Compressed class space size: 1073741824 Address: 0x00000007c0000000

Heap:
 PSYoungGen      total 460800K, used 246969K [0x000000076bd00000, 0x000000078ba80000, 0x00000007c0000000)
  eden space 445440K, 55% used [0x000000076bd00000,0x000000077ae2e628,0x0000000787000000)
  from space 15360K, 0% used [0x0000000788a00000,0x0000000788a00000,0x0000000789900000)
  to   space 27136K, 0% used [0x000000078a000000,0x000000078a000000,0x000000078ba80000)
 ParOldGen       total 227840K, used 37913K [0x00000006c3600000, 0x00000006d1480000, 0x000000076bd00000)
  object space 227840K, 16% used [0x00000006c3600000,0x00000006c5b06438,0x00000006d1480000)
 Metaspace       used 67708K, capacity 71802K, committed 72064K, reserved 1112064K
  class space    used 9548K, capacity 10283K, committed 10368K, reserved 1048576K

Card table byte_map: [0x0000000012730000,0x0000000012f20000] byte_map_base: 0x000000000f115000

Marking Bits: (ParMarkBitMap*) 0x0000000060eb5ce0
 Begin Bits: [0x0000000013e70000, 0x0000000017d98000)
 End Bits:   [0x0000000017d98000, 0x000000001bcc0000)

Polling page: 0x00000000016a0000

CodeCache: size=245760Kb used=13202Kb max_used=13202Kb free=232557Kb
 bounds [0x0000000003370000, 0x0000000004060000, 0x0000000012370000]
 total_blobs=7574 nmethods=6964 adapters=521
 compilation: enabled

Compilation events (10 events):
Event: 115.976 Thread 0x000000001e5a7800 nmethod 7119 0x000000000404ead0 code [0x000000000404ee40, 0x000000000404fd08]
Event: 115.983 Thread 0x000000001e5a7800 7120   !   1       org.springframework.beans.factory.support.ConstructorResolver::createArgumentArray (636 bytes)
Event: 115.988 Thread 0x000000001e5a7800 nmethod 7120 0x0000000004051450 code [0x0000000004051980, 0x0000000004053dd8]
Event: 115.988 Thread 0x000000001e5a7800 7121       1       org.springframework.beans.factory.support.ConstructorResolver$ArgumentsHolder::<init> (34 bytes)
Event: 115.988 Thread 0x000000001e5a7800 nmethod 7121 0x0000000004057250 code [0x00000000040573a0, 0x0000000004057690]
Event: 115.995 Thread 0x000000001e5a7800 7122       1       org.springframework.beans.factory.support.AbstractBeanDefinition::getPropertyValues (23 bytes)
Event: 115.996 Thread 0x000000001e5a7800 nmethod 7122 0x0000000004057750 code [0x00000000040578c0, 0x0000000004057b08]
Event: 116.004 Thread 0x000000001e5a7800 7123       1       org.springframework.core.LocalVariableTableParameterNameDiscoverer$LocalVariableTableVisitor::visitLocalVariable (45 bytes)
Event: 116.004 Thread 0x000000001e5a7800 nmethod 7123 0x0000000004057c10 code [0x0000000004057d80, 0x0000000004057f70]
Event: 116.008 Thread 0x000000001e5a7800 7124       1       org.springframework.asm.ClassReader::readCode (5085 bytes)

GC Heap History (10 events):
Event: 17.647 GC heap before
{Heap before GC invocations=9 (full 2):
 PSYoungGen      total 344576K, used 303453K [0x000000076bd00000, 0x0000000787080000, 0x00000007c0000000)
  eden space 325120K, 93% used [0x000000076bd00000,0x000000077e557768,0x000000077fa80000)
  from space 19456K, 0% used [0x0000000780e80000,0x0000000780e80000,0x0000000782180000)
  to   space 20480K, 0% used [0x000000077fa80000,0x000000077fa80000,0x0000000780e80000)
 ParOldGen       total 155136K, used 21795K [0x00000006c3600000, 0x00000006ccd80000, 0x000000076bd00000)
  object space 155136K, 14% used [0x00000006c3600000,0x00000006c4b48da8,0x00000006ccd80000)
 Metaspace       used 55779K, capacity 59008K, committed 59028K, reserved 1099776K
  class space    used 7847K, capacity 8431K, committed 8448K, reserved 1048576K
Event: 17.687 GC heap after
Heap after GC invocations=9 (full 2):
 PSYoungGen      total 345600K, used 20475K [0x000000076bd00000, 0x000000078d500000, 0x00000007c0000000)
  eden space 325120K, 0% used [0x000000076bd00000,0x000000076bd00000,0x000000077fa80000)
  from space 20480K, 99% used [0x000000077fa80000,0x0000000780e7ec48,0x0000000780e80000)
  to   space 27648K, 0% used [0x000000078ba00000,0x000000078ba00000,0x000000078d500000)
 ParOldGen       total 155136K, used 29248K [0x00000006c3600000, 0x00000006ccd80000, 0x000000076bd00000)
  object space 155136K, 18% used [0x00000006c3600000,0x00000006c5290348,0x00000006ccd80000)
 Metaspace       used 55779K, capacity 59008K, committed 59028K, reserved 1099776K
  class space    used 7847K, capacity 8431K, committed 8448K, reserved 1048576K
}
Event: 17.687 GC heap before
{Heap before GC invocations=10 (full 3):
 PSYoungGen      total 345600K, used 20475K [0x000000076bd00000, 0x000000078d500000, 0x00000007c0000000)
  eden space 325120K, 0% used [0x000000076bd00000,0x000000076bd00000,0x000000077fa80000)
  from space 20480K, 99% used [0x000000077fa80000,0x0000000780e7ec48,0x0000000780e80000)
  to   space 27648K, 0% used [0x000000078ba00000,0x000000078ba00000,0x000000078d500000)
 ParOldGen       total 155136K, used 29248K [0x00000006c3600000, 0x00000006ccd80000, 0x000000076bd00000)
  object space 155136K, 18% used [0x00000006c3600000,0x00000006c5290348,0x00000006ccd80000)
 Metaspace       used 55779K, capacity 59008K, committed 59028K, reserved 1099776K
  class space    used 7847K, capacity 8431K, committed 8448K, reserved 1048576K
Event: 17.876 GC heap after
Heap after GC invocations=10 (full 3):
 PSYoungGen      total 345600K, used 0K [0x000000076bd00000, 0x000000078d500000, 0x00000007c0000000)
  eden space 325120K, 0% used [0x000000076bd00000,0x000000076bd00000,0x000000077fa80000)
  from space 20480K, 0% used [0x000000077fa80000,0x000000077fa80000,0x0000000780e80000)
  to   space 27648K, 0% used [0x000000078ba00000,0x000000078ba00000,0x000000078d500000)
 ParOldGen       total 227840K, used 44612K [0x00000006c3600000, 0x00000006d1480000, 0x000000076bd00000)
  object space 227840K, 19% used [0x00000006c3600000,0x00000006c6191040,0x00000006d1480000)
 Metaspace       used 55772K, capacity 58996K, committed 59028K, reserved 1099776K
  class space    used 7845K, capacity 8429K, committed 8448K, reserved 1048576K
}
Event: 18.987 GC heap before
{Heap before GC invocations=11 (full 3):
 PSYoungGen      total 345600K, used 325120K [0x000000076bd00000, 0x000000078d500000, 0x00000007c0000000)
  eden space 325120K, 100% used [0x000000076bd00000,0x000000077fa80000,0x000000077fa80000)
  from space 20480K, 0% used [0x000000077fa80000,0x000000077fa80000,0x0000000780e80000)
  to   space 27648K, 0% used [0x000000078ba00000,0x000000078ba00000,0x000000078d500000)
 ParOldGen       total 227840K, used 44612K [0x00000006c3600000, 0x00000006d1480000, 0x000000076bd00000)
  object space 227840K, 19% used [0x00000006c3600000,0x00000006c6191040,0x00000006d1480000)
 Metaspace       used 57465K, capacity 61012K, committed 61312K, reserved 1101824K
  class space    used 8085K, capacity 8727K, committed 8832K, reserved 1048576K
Event: 18.999 GC heap after
Heap after GC invocations=11 (full 3):
 PSYoungGen      total 451584K, used 5914K [0x000000076bd00000, 0x000000078c000000, 0x00000007c0000000)
  eden space 445440K, 0% used [0x000000076bd00000,0x000000076bd00000,0x0000000787000000)
  from space 6144K, 96% used [0x000000078ba00000,0x000000078bfc6bb8,0x000000078c000000)
  to   space 27648K, 0% used [0x0000000788a00000,0x0000000788a00000,0x000000078a500000)
 ParOldGen       total 227840K, used 44620K [0x00000006c3600000, 0x00000006d1480000, 0x000000076bd00000)
  object space 227840K, 19% used [0x00000006c3600000,0x00000006c6193040,0x00000006d1480000)
 Metaspace       used 57465K, capacity 61012K, committed 61312K, reserved 1101824K
  class space    used 8085K, capacity 8727K, committed 8832K, reserved 1048576K
}
Event: 112.106 GC heap before
{Heap before GC invocations=12 (full 3):
 PSYoungGen      total 451584K, used 447363K [0x000000076bd00000, 0x000000078c000000, 0x00000007c0000000)
  eden space 445440K, 99% used [0x000000076bd00000,0x0000000786c1a2c8,0x0000000787000000)
  from space 6144K, 96% used [0x000000078ba00000,0x000000078bfc6bb8,0x000000078c000000)
  to   space 27648K, 0% used [0x0000000788a00000,0x0000000788a00000,0x000000078a500000)
 ParOldGen       total 227840K, used 44620K [0x00000006c3600000, 0x00000006d1480000, 0x000000076bd00000)
  object space 227840K, 19% used [0x00000006c3600000,0x00000006c6193040,0x00000006d1480000)
 Metaspace       used 67256K, capacity 71332K, committed 71424K, reserved 1110016K
  class space    used 9502K, capacity 10228K, committed 10240K, reserved 1048576K
Event: 112.129 GC heap after
Heap after GC invocations=12 (full 3):
 PSYoungGen      total 460800K, used 15069K [0x000000076bd00000, 0x000000078ba80000, 0x00000007c0000000)
  eden space 445440K, 0% used [0x000000076bd00000,0x000000076bd00000,0x0000000787000000)
  from space 15360K, 98% used [0x0000000788a00000,0x00000007898b7788,0x0000000789900000)
  to   space 27136K, 0% used [0x000000078a000000,0x000000078a000000,0x000000078ba80000)
 ParOldGen       total 227840K, used 44628K [0x00000006c3600000, 0x00000006d1480000, 0x000000076bd00000)
  object space 227840K, 19% used [0x00000006c3600000,0x00000006c6195040,0x00000006d1480000)
 Metaspace       used 67256K, capacity 71332K, committed 71424K, reserved 1110016K
  class space    used 9502K, capacity 10228K, committed 10240K, reserved 1048576K
}
Event: 112.129 GC heap before
{Heap before GC invocations=13 (full 4):
 PSYoungGen      total 460800K, used 15069K [0x000000076bd00000, 0x000000078ba80000, 0x00000007c0000000)
  eden space 445440K, 0% used [0x000000076bd00000,0x000000076bd00000,0x0000000787000000)
  from space 15360K, 98% used [0x0000000788a00000,0x00000007898b7788,0x0000000789900000)
  to   space 27136K, 0% used [0x000000078a000000,0x000000078a000000,0x000000078ba80000)
 ParOldGen       total 227840K, used 44628K [0x00000006c3600000, 0x00000006d1480000, 0x000000076bd00000)
  object space 227840K, 19% used [0x00000006c3600000,0x00000006c6195040,0x00000006d1480000)
 Metaspace       used 67256K, capacity 71332K, committed 71424K, reserved 1110016K
  class space    used 9502K, capacity 10228K, committed 10240K, reserved 1048576K
Event: 112.396 GC heap after
Heap after GC invocations=13 (full 4):
 PSYoungGen      total 460800K, used 0K [0x000000076bd00000, 0x000000078ba80000, 0x00000007c0000000)
  eden space 445440K, 0% used [0x000000076bd00000,0x000000076bd00000,0x0000000787000000)
  from space 15360K, 0% used [0x0000000788a00000,0x0000000788a00000,0x0000000789900000)
  to   space 27136K, 0% used [0x000000078a000000,0x000000078a000000,0x000000078ba80000)
 ParOldGen       total 227840K, used 37913K [0x00000006c3600000, 0x00000006d1480000, 0x000000076bd00000)
  object space 227840K, 16% used [0x00000006c3600000,0x00000006c5b06438,0x00000006d1480000)
 Metaspace       used 67256K, capacity 71332K, committed 71424K, reserved 1110016K
  class space    used 9502K, capacity 10228K, committed 10240K, reserved 1048576K
}

Deoptimization events (0 events):
No events

Classes redefined (0 events):
No events

Internal exceptions (10 events):
Event: 115.808 Thread 0x00000000268cb800 Exception <a 'java/lang/ArrayIndexOutOfBoundsException'> (0x000000077a56e1c0) thrown at [C:\re\workspace\8-2-build-windows-amd64-cygwin\jdk8u202\12323\hotspot\src\share\vm\runtime\sharedRuntime.cpp, line 605]
Event: 115.809 Thread 0x00000000268cb800 Exception <a 'java/lang/ArrayIndexOutOfBoundsException'> (0x000000077a57b108) thrown at [C:\re\workspace\8-2-build-windows-amd64-cygwin\jdk8u202\12323\hotspot\src\share\vm\runtime\sharedRuntime.cpp, line 605]
Event: 115.809 Thread 0x00000000268cb800 Exception <a 'java/lang/ArrayIndexOutOfBoundsException'> (0x000000077a693480) thrown at [C:\re\workspace\8-2-build-windows-amd64-cygwin\jdk8u202\12323\hotspot\src\share\vm\runtime\sharedRuntime.cpp, line 605]
Event: 115.810 Thread 0x00000000268cb800 Exception <a 'java/lang/ArrayIndexOutOfBoundsException'> (0x000000077a6a9430) thrown at [C:\re\workspace\8-2-build-windows-amd64-cygwin\jdk8u202\12323\hotspot\src\share\vm\runtime\sharedRuntime.cpp, line 605]
Event: 115.810 Thread 0x00000000268cb800 Exception <a 'java/lang/ArrayIndexOutOfBoundsException'> (0x000000077a6b6378) thrown at [C:\re\workspace\8-2-build-windows-amd64-cygwin\jdk8u202\12323\hotspot\src\share\vm\runtime\sharedRuntime.cpp, line 605]
Event: 115.810 Thread 0x00000000268cb800 Exception <a 'java/lang/ArrayIndexOutOfBoundsException'> (0x000000077a6b8050) thrown at [C:\re\workspace\8-2-build-windows-amd64-cygwin\jdk8u202\12323\hotspot\src\share\vm\runtime\sharedRuntime.cpp, line 605]
Event: 115.952 Thread 0x00000000268cb800 Exception <a 'java/net/BindException': Address already in use: JVM_Bind> (0x000000077a94a100) thrown at [C:\re\workspace\8-2-build-windows-amd64-cygwin\jdk8u202\12323\hotspot\src\share\vm\prims\jni.cpp, line 736]
Event: 115.960 Thread 0x00000000268cb800 Exception <a 'java/lang/ArrayIndexOutOfBoundsException'> (0x000000077aa04e10) thrown at [C:\re\workspace\8-2-build-windows-amd64-cygwin\jdk8u202\12323\hotspot\src\share\vm\runtime\sharedRuntime.cpp, line 605]
Event: 115.996 Thread 0x00000000268cb800 Exception <a 'java/lang/ArrayIndexOutOfBoundsException'> (0x000000077ab9cc78) thrown at [C:\re\workspace\8-2-build-windows-amd64-cygwin\jdk8u202\12323\hotspot\src\share\vm\runtime\sharedRuntime.cpp, line 605]
Event: 116.004 Thread 0x00000000268cb800 Exception <a 'java/lang/ArrayIndexOutOfBoundsException'> (0x000000077abedc30) thrown at [C:\re\workspace\8-2-build-windows-amd64-cygwin\jdk8u202\12323\hotspot\src\share\vm\runtime\sharedRuntime.cpp, line 605]

Events (10 events):
Event: 115.927 loading class org/hibernate/tool/schema/extract/internal/ForeignKeyInformationImpl$ColumnReferenceMappingImpl
Event: 115.927 loading class org/hibernate/tool/schema/extract/internal/ForeignKeyInformationImpl$ColumnReferenceMappingImpl done
Event: 115.938 loading class org/hibernate/tool/schema/extract/internal/ForeignKeyInformationImpl
Event: 115.938 loading class org/hibernate/tool/schema/extract/internal/ForeignKeyInformationImpl done
Event: 115.939 loading class org/hibernate/tool/schema/extract/spi/ForeignKeyInformation
Event: 115.939 loading class org/hibernate/tool/schema/extract/spi/ForeignKeyInformation done
Event: 115.939 loading class org/hibernate/tool/schema/extract/spi/ForeignKeyInformation
Event: 115.939 loading class org/hibernate/tool/schema/extract/spi/ForeignKeyInformation done
Event: 115.939 loading class org/hibernate/tool/schema/extract/spi/ForeignKeyInformation
Event: 115.939 loading class org/hibernate/tool/schema/extract/spi/ForeignKeyInformation done


Dynamic libraries:
0x00007ff6a6ec0000 - 0x00007ff6a6ef7000 	C:\Program Files\Java\jdk1.8.0_202\jre\bin\java.exe
0x00007ffc8fa60000 - 0x00007ffc8fcc6000 	C:\WINDOWS\SYSTEM32\ntdll.dll
0x00007ffc8e9a0000 - 0x00007ffc8ea69000 	C:\WINDOWS\System32\KERNEL32.DLL
0x00007ffc8d380000 - 0x00007ffc8d77f000 	C:\WINDOWS\System32\KERNELBASE.dll
0x00007ffc8e7c0000 - 0x00007ffc8e87c000 	C:\WINDOWS\System32\ADVAPI32.dll
0x00007ffc8e280000 - 0x00007ffc8e329000 	C:\WINDOWS\System32\msvcrt.dll
0x00007ffc8ea70000 - 0x00007ffc8eb1a000 	C:\WINDOWS\System32\sechost.dll
0x00007ffc8d830000 - 0x00007ffc8d948000 	C:\WINDOWS\System32\RPCRT4.dll
0x00007ffc8dfb0000 - 0x00007ffc8e176000 	C:\WINDOWS\System32\USER32.dll
0x00007ffc8cdd0000 - 0x00007ffc8cdf7000 	C:\WINDOWS\System32\win32u.dll
0x00007ffc8df70000 - 0x00007ffc8df9b000 	C:\WINDOWS\System32\GDI32.dll
0x00007ffc8d100000 - 0x00007ffc8d229000 	C:\WINDOWS\System32\gdi32full.dll
0x00007ffc8ce00000 - 0x00007ffc8cea3000 	C:\WINDOWS\System32\msvcp_win.dll
0x00007ffc8cc70000 - 0x00007ffc8cdbc000 	C:\WINDOWS\System32\ucrtbase.dll
0x00007ffc762b0000 - 0x00007ffc76541000 	C:\WINDOWS\WinSxS\amd64_microsoft.windows.common-controls_6595b64144ccf1df_6.0.26100.8972_none_3e0da176e32f9d4b\COMCTL32.dll
0x00007ffc8d790000 - 0x00007ffc8d7c2000 	C:\WINDOWS\System32\IMM32.DLL
0x00000000605b0000 - 0x0000000060682000 	C:\Program Files\Java\jdk1.8.0_202\jre\bin\msvcr100.dll
0x0000000060690000 - 0x0000000060f35000 	C:\Program Files\Java\jdk1.8.0_202\jre\bin\server\jvm.dll
0x00007ffc8dfa0000 - 0x00007ffc8dfa8000 	C:\WINDOWS\System32\PSAPI.DLL
0x00007ffc73a90000 - 0x00007ffc73a9a000 	C:\WINDOWS\SYSTEM32\WSOCK32.dll
0x00007ffc8ebe0000 - 0x00007ffc8ec62000 	C:\WINDOWS\System32\WS2_32.dll
0x00007ffc772a0000 - 0x00007ffc772d6000 	C:\WINDOWS\SYSTEM32\WINMM.dll
0x00007ffc81e60000 - 0x00007ffc81e6b000 	C:\WINDOWS\SYSTEM32\VERSION.dll
0x00007ffc4b4e0000 - 0x00007ffc4b4ef000 	C:\Program Files\Java\jdk1.8.0_202\jre\bin\verify.dll
0x00007ffbf8d10000 - 0x00007ffbf8d39000 	C:\Program Files\Java\jdk1.8.0_202\jre\bin\java.dll
0x00007ffbf8cf0000 - 0x00007ffbf8d06000 	C:\Program Files\Java\jdk1.8.0_202\jre\bin\zip.dll
0x00007ffc8ede0000 - 0x00007ffc8f568000 	C:\WINDOWS\System32\SHELL32.dll
0x00007ffc8a6c0000 - 0x00007ffc8af5b000 	C:\WINDOWS\SYSTEM32\windows.storage.dll
0x00007ffc8e430000 - 0x00007ffc8e7b5000 	C:\WINDOWS\System32\combase.dll
0x00007ffc8f920000 - 0x00007ffc8fa19000 	C:\WINDOWS\System32\SHCORE.dll
0x00007ffc8e370000 - 0x00007ffc8e3d6000 	C:\WINDOWS\System32\shlwapi.dll
0x00007ffc8cb90000 - 0x00007ffc8cbb9000 	C:\WINDOWS\SYSTEM32\profapi.dll
0x00007ffc55ab0000 - 0x00007ffc55aca000 	C:\Program Files\Java\jdk1.8.0_202\jre\bin\net.dll
0x00007ffc6ed10000 - 0x00007ffc6eeed000 	C:\WINDOWS\SYSTEM32\urlmon.dll
0x00007ffc6e900000 - 0x00007ffc6ebc4000 	C:\WINDOWS\SYSTEM32\iertutil.dll
0x00007ffc7c2d0000 - 0x00007ffc7c2f9000 	C:\WINDOWS\SYSTEM32\srvcli.dll
0x00007ffc8b2b0000 - 0x00007ffc8b2bd000 	C:\WINDOWS\SYSTEM32\netutils.dll
0x00007ffc8beb0000 - 0x00007ffc8bf1c000 	C:\WINDOWS\system32\mswsock.dll
0x00007ffc8b2d0000 - 0x00007ffc8b303000 	C:\WINDOWS\SYSTEM32\IPHLPAPI.DLL
0x00007ffc8f910000 - 0x00007ffc8f91a000 	C:\WINDOWS\System32\NSI.dll
0x00007ffc83bd0000 - 0x00007ffc83bed000 	C:\WINDOWS\SYSTEM32\dhcpcsvc6.DLL
0x00007ffc83b40000 - 0x00007ffc83b65000 	C:\WINDOWS\SYSTEM32\dhcpcsvc.DLL
0x00007ffc8b360000 - 0x00007ffc8b4b8000 	C:\WINDOWS\SYSTEM32\DNSAPI.dll
0x00007ffc8bcd0000 - 0x00007ffc8bcdd000 	C:\WINDOWS\SYSTEM32\DSPARSE.dll
0x00007ffc81e50000 - 0x00007ffc81e5b000 	C:\Windows\System32\rasadhlp.dll
0x00007ffc83dd0000 - 0x00007ffc83e56000 	C:\WINDOWS\System32\fwpuclnt.dll
0x00007ffc86480000 - 0x00007ffc8648d000 	C:\Program Files\Java\jdk1.8.0_202\jre\bin\management.dll
0x00007ffc6cae0000 - 0x00007ffc6caf8000 	C:\WINDOWS\system32\napinsp.dll
0x00007ffc6cac0000 - 0x00007ffc6cad3000 	C:\WINDOWS\System32\winrnr.dll
0x00007ffc67430000 - 0x00007ffc67452000 	C:\WINDOWS\system32\nlansp_c.dll
0x00007ffc6d330000 - 0x00007ffc6d346000 	C:\WINDOWS\system32\wshbth.dll
0x00007ffbf8cd0000 - 0x00007ffbf8ce2000 	C:\Program Files\Java\jdk1.8.0_202\jre\bin\nio.dll
0x00007ffc8c2d0000 - 0x00007ffc8c2eb000 	C:\WINDOWS\SYSTEM32\CRYPTSP.dll
0x00007ffc8b880000 - 0x00007ffc8b8b9000 	C:\WINDOWS\system32\rsaenh.dll
0x00007ffc8bf60000 - 0x00007ffc8bf92000 	C:\WINDOWS\SYSTEM32\USERENV.dll
0x00007ffc8cb60000 - 0x00007ffc8cb8a000 	C:\WINDOWS\SYSTEM32\bcrypt.dll
0x00007ffc8d2c0000 - 0x00007ffc8d36c000 	C:\WINDOWS\System32\bcryptprimitives.dll
0x00007ffc8c110000 - 0x00007ffc8c11c000 	C:\WINDOWS\SYSTEM32\CRYPTBASE.dll
0x00007ffc72d20000 - 0x00007ffc72d44000 	C:\Program Files\Java\jdk1.8.0_202\jre\bin\sunec.dll

VM Arguments:
jvm_args: -Xverify:none -XX:TieredStopAtLevel=1 -Xverify:none -XX:TieredStopAtLevel=1 
java_command: com.hospital.doctor.DoctorServiceApplication
java_class_path (initial): D:\Masum\MduhijodBranch\CloneProjectsHMIS_160426\CloneProjectsHMIS\Backend\Hospital-Management-System-Backend\DoctorServiceApplication\target\classes;C:\Users\admin\.m2\repository\org\springframework\boot\spring-boot-starter-web\2.3.12.RELEASE\spring-boot-starter-web-2.3.12.RELEASE.jar;C:\Users\admin\.m2\repository\org\springframework\boot\spring-boot-starter\2.3.12.RELEASE\spring-boot-starter-2.3.12.RELEASE.jar;C:\Users\admin\.m2\repository\org\springframework\boot\spring-boot-starter-logging\2.3.12.RELEASE\spring-boot-starter-logging-2.3.12.RELEASE.jar;C:\Users\admin\.m2\repository\ch\qos\logback\logback-classic\1.2.3\logback-classic-1.2.3.jar;C:\Users\admin\.m2\repository\ch\qos\logback\logback-core\1.2.3\logback-core-1.2.3.jar;C:\Users\admin\.m2\repository\org\apache\logging\log4j\log4j-to-slf4j\2.13.3\log4j-to-slf4j-2.13.3.jar;C:\Users\admin\.m2\repository\org\apache\logging\log4j\log4j-api\2.13.3\log4j-api-2.13.3.jar;C:\Users\admin\.m2\repository\org\slf4j\jul-to-slf4j\1.7.30\jul-to-slf4j-1.7.30.jar;C:\Users\admin\.m2\repository\jakarta\annotation\jakarta.annotation-api\1.3.5\jakarta.annotation-api-1.3.5.jar;C:\Users\admin\.m2\repository\org\springframework\spring-core\5.2.15.RELEASE\spring-core-5.2.15.RELEASE.jar;C:\Users\admin\.m2\repository\org\springframework\spring-jcl\5.2.15.RELEASE\spring-jcl-5.2.15.RELEASE.jar;C:\Users\admin\.m2\repository\org\yaml\snakeyaml\1.26\snakeyaml-1.26.jar;C:\Users\admin\.m2\repository\org\springframework\boot\spring-boot-starter-json\2.3.12.RELEASE\spring-boot-starter-json-2.3.12.RELEASE.jar;C:\Users\admin\.m2\repository\com\fasterxml\jackson\core\jackson-databind\2.11.4\jackson-databind-2.11.4.jar;C:\Users\admin\.m2\repository\com\fasterxml\jackson\datatype\jackson-datatype-jdk8\2.11.4\jackson-datatype-jdk8-2.11.4.jar;C:\Users\admin\.m2\repository\com\fasterxml\jackson\datatype\jackson-datatype-jsr310\2.11.4\jackson-datatype-jsr310-2.11.4.jar;C:\Users\admin\.m2\repository\com\fasterxml\jackson\mo
Launcher Type: SUN_STANDARD

Environment Variables:
JAVA_HOME=C:\Program Files\Java\jdk1.8.0_202
PATH=C:\Program Files\Eclipse Adoptium\jdk-17.0.19.10-hotspot\bin;C:\Program Files (x86)\Common Files\Oracle\Java\javapath;C:\WINDOWS\system32;C:\WINDOWS;C:\WINDOWS\System32\Wbem;C:\WINDOWS\System32\WindowsPowerShell\v1.0\;C:\WINDOWS\System32\OpenSSH\;C:\xampp\php;C:\ProgramData\ComposerSetup\bin;C:\Program Files\dotnet\;C:\Program Files\MySQL\MySQL Server 8.0\bin;C:\Program Files\nodejs\;C:\Program Files\Git\cmd;C:\Program Files\Docker\Docker\resources\bin;C:\Program Files\MySQL\MySQL Shell 8.0\bin\;C:\laragon\bin;C:\laragon\bin\apache\httpd-2.4.35-win64-VC15\bin;C:\laragon\bin\composer;C:\laragon\bin\laragon\utils;C:\laragon\bin\mysql\mysql-5.7.24-winx64\bin;C:\laragon\bin\nodejs\node-v14;C:\laragon\bin\notepad++;C:\laragon\bin\php\php-7.3.20-Win32-VC15-x64;C:\laragon\bin\redis\redis-x64-3.2.100;C:\Users\admin\AppData\Local\Yarn\config\global\node_modules\.bin;C:\Users\admin\AppData\Roaming\Composer\vendor\bin;C:\Users\admin\AppData\Roaming\npm;C:\Users\admin\AppData\Local\Microsoft\WindowsApps;C:\Users\admin\AppData\Local\Programs\Microsoft VS Code\bin;;C:\Program Files\JetBrains\IntelliJ IDEA Community Edition 2023.1.2\bin;;C:\Users\admin\AppData\Local\Microsoft\WindowsApps;C:\Users\admin\AppData\Local\Microsoft\WinGet\Packages\EclipseFoundation.Eclipse.JEE_Microsoft.Winget.Source_8wekyb3d8bbwe\eclipse;
USERNAME=admin
OS=Windows_NT
PROCESSOR_IDENTIFIER=Intel64 Family 6 Model 158 Stepping 13, GenuineIntel



---------------  S Y S T E M  ---------------

OS: Windows 10.0 , 64 bit Build 26100 (10.0.26100.9168)

CPU:total 12 (initial active 12) (6 cores per cpu, 2 threads per core) family 6 model 158 stepping 13, cmov, cx8, fxsr, mmx, sse, sse2, sse3, ssse3, sse4.1, sse4.2, popcnt, avx, avx2, aes, clmul, erms, 3dnowpref, lzcnt, ht, tsc, tscinvbit, bmi1, bmi2, adx

Memory: 4k page, physical 16553888k(109384k free), swap 28574156k(3620k free)

vm_info: Java HotSpot(TM) 64-Bit Server VM (25.202-b08) for windows-amd64 JRE (1.8.0_202-b08), built on Dec 15 2018 19:54:30 by "java_re" with MS VC++ 10.0 (VS2010)

time: Thu Aug 13 20:21:31 2026
timezone: India Standard Time
elapsed time: 116 seconds (0d 0h 1m 56s)

